-- Found ament_cmake: 1.3.10 (/opt/ros/humble/share/ament_cmake/cmake)
-- Found rclcpp: 16.0.10 (/opt/ros/humble/share/rclcpp/cmake)
-- Found rosidl_generator_c: 3.1.5 (/opt/ros/humble/share/rosidl_generator_c/cmake)
-- Found rosidl_adapter: 3.1.5 (/opt/ros/humble/share/rosidl_adapter/cmake)
-- Found rosidl_generator_cpp: 3.1.5 (/opt/ros/humble/share/rosidl_generator_cpp/cmake)
-- Using all available rosidl_typesupport_c: rosidl_typesupport_fastrtps_c;rosidl_typesupport_introspection_c
-- Using all available rosidl_typesupport_cpp: rosidl_typesupport_fastrtps_cpp;rosidl_typesupport_introspection_cpp
-- Found rmw_implementation_cmake: 6.1.2 (/opt/ros/humble/share/rmw_implementation_cmake/cmake)
-- Found rmw_fastrtps_cpp: 6.2.7 (/opt/ros/humble/share/rmw_fastrtps_cpp/cmake)
-- Using RMW implementation 'rmw_fastrtps_cpp' as default
-- Found custom_interfaces: 0.0.0 (/home/ymz/Codes/2025-vision-training/YeMingzhe/hw_4/division_topic/install/custom_interfaces/share/custom_interfaces/cmake)
-- Found ament_lint_auto: 0.12.11 (/opt/ros/humble/share/ament_lint_auto/cmake)
-- Configuring done
-- Generating done
-- Build files have been written to: /home/ymz/Codes/2025-vision-training/YeMingzhe/hw_4/division_topic/build/example_service_rclcpp
[ 25%] [32mBuilding CXX object CMakeFiles/service_server_01.dir/src/service_server_01.cpp.o[0m
[ 50%] [32mBuilding CXX object CMakeFiles/service_client_01.dir/src/service_client_01.cpp.o[0m
[ 75%] [32m[1mLinking CXX executable service_server_01[0m
[100%] [32m[1mLinking CXX executable service_client_01[0m
[100%] Built target service_server_01
[100%] Built target service_client_01
-- Install configuration: ""
-- Installing: /home/ymz/Codes/2025-vision-training/YeMingzhe/hw_4/division_topic/install/example_service_rclcpp/lib/example_service_rclcpp/service_server_01
-- Set runtime path of "/home/ymz/Codes/2025-vision-training/YeMingzhe/hw_4/division_topic/install/example_service_rclcpp/lib/example_service_rclcpp/service_server_01" to ""
-- Installing: /home/ymz/Codes/2025-vision-training/YeMingzhe/hw_4/division_topic/install/example_service_rclcpp/lib/example_service_rclcpp/service_client_01
-- Set runtime path of "/home/ymz/Codes/2025-vision-training/YeMingzhe/hw_4/division_topic/install/example_service_rclcpp/lib/example_service_rclcpp/service_client_01" to ""
-- Installing: /home/ymz/Codes/2025-vision-training/YeMingzhe/hw_4/division_topic/install/example_service_rclcpp/share/ament_index/resource_index/package_run_dependencies/example_service_rclcpp
-- Installing: /home/ymz/Codes/2025-vision-training/YeMingzhe/hw_4/division_topic/install/example_service_rclcpp/share/ament_index/resource_index/parent_prefix_path/example_service_rclcpp
-- Installing: /home/ymz/Codes/2025-vision-training/YeMingzhe/hw_4/division_topic/install/example_service_rclcpp/share/example_service_rclcpp/environment/ament_prefix_path.sh
-- Installing: /home/ymz/Codes/2025-vision-training/YeMingzhe/hw_4/division_topic/install/example_service_rclcpp/share/example_service_rclcpp/environment/ament_prefix_path.dsv
-- Installing: /home/ymz/Codes/2025-vision-training/YeMingzhe/hw_4/division_topic/install/example_service_rclcpp/share/example_service_rclcpp/environment/path.sh
-- Installing: /home/ymz/Codes/2025-vision-training/YeMingzhe/hw_4/division_topic/install/example_service_rclcpp/share/example_service_rclcpp/environment/path.dsv
-- Installing: /home/ymz/Codes/2025-vision-training/YeMingzhe/hw_4/division_topic/install/example_service_rclcpp/share/example_service_rclcpp/local_setup.bash
-- Installing: /home/ymz/Codes/2025-vision-training/YeMingzhe/hw_4/division_topic/install/example_service_rclcpp/share/example_service_rclcpp/local_setup.sh
-- Installing: /home/ymz/Codes/2025-vision-training/YeMingzhe/hw_4/division_topic/install/example_service_rclcpp/share/example_service_rclcpp/local_setup.zsh
-- Installing: /home/ymz/Codes/2025-vision-training/YeMingzhe/hw_4/division_topic/install/example_service_rclcpp/share/example_service_rclcpp/local_setup.dsv
-- Installing: /home/ymz/Codes/2025-vision-training/YeMingzhe/hw_4/division_topic/install/example_service_rclcpp/share/example_service_rclcpp/package.dsv
-- Installing: /home/ymz/Codes/2025-vision-training/YeMingzhe/hw_4/division_topic/install/example_service_rclcpp/share/ament_index/resource_index/packages/example_service_rclcpp
-- Installing: /home/ymz/Codes/2025-vision-training/YeMingzhe/hw_4/division_topic/install/example_service_rclcpp/share/example_service_rclcpp/cmake/example_service_rclcppConfig.cmake
-- Installing: /home/ymz/Codes/2025-vision-training/YeMingzhe/hw_4/division_topic/install/example_service_rclcpp/share/example_service_rclcpp/cmake/example_service_rclcppConfig-version.cmake
-- Installing: /home/ymz/Codes/2025-vision-training/YeMingzhe/hw_4/division_topic/install/example_service_rclcpp/share/example_service_rclcpp/package.xml
