[0.016s] Invoking command in '/home/ymz/Codes/2025-vision-training/YeMingzhe/hw_4/motion_demo/build/motion_demo': CMAKE_PREFIX_PATH=${CMAKE_PREFIX_PATH}:/opt/ros/humble /usr/bin/cmake /home/ymz/Codes/2025-vision-training/YeMingzhe/hw_4/motion_demo/src/motion_demo -DCMAKE_INSTALL_PREFIX=/home/ymz/Codes/2025-vision-training/YeMingzhe/hw_4/motion_demo/install/motion_demo
[0.114s] -- The C compiler identification is GNU 11.4.0
[0.211s] -- The CXX compiler identification is GNU 11.4.0
[0.223s] -- Detecting C compiler ABI info
[0.357s] -- Detecting C compiler ABI info - done
[0.365s] -- Check for working C compiler: /usr/bin/cc - skipped
[0.365s] -- Detecting C compile features
[0.365s] -- Detecting C compile features - done
[0.368s] -- Detecting CXX compiler ABI info
[0.515s] -- Detecting CXX compiler ABI info - done
[0.521s] -- Check for working CXX compiler: /usr/bin/c++ - skipped
[0.521s] -- Detecting CXX compile features
[0.522s] -- Detecting CXX compile features - done
[0.525s] -- Found ament_cmake: 1.3.10 (/opt/ros/humble/share/ament_cmake/cmake)
[0.716s] -- Found Python3: /usr/bin/python3 (found version "3.10.12") found components: Interpreter 
[0.839s] -- Found rclcpp: 16.0.10 (/opt/ros/humble/share/rclcpp/cmake)
[0.894s] -- Found rosidl_generator_c: 3.1.5 (/opt/ros/humble/share/rosidl_generator_c/cmake)
[0.901s] -- Found rosidl_adapter: 3.1.5 (/opt/ros/humble/share/rosidl_adapter/cmake)
[0.913s] -- Found rosidl_generator_cpp: 3.1.5 (/opt/ros/humble/share/rosidl_generator_cpp/cmake)
[0.931s] -- Using all available rosidl_typesupport_c: rosidl_typesupport_fastrtps_c;rosidl_typesupport_introspection_c
[0.954s] -- Using all available rosidl_typesupport_cpp: rosidl_typesupport_fastrtps_cpp;rosidl_typesupport_introspection_cpp
[1.022s] -- Found rmw_implementation_cmake: 6.1.2 (/opt/ros/humble/share/rmw_implementation_cmake/cmake)
[1.026s] -- Found rmw_fastrtps_cpp: 6.2.7 (/opt/ros/humble/share/rmw_fastrtps_cpp/cmake)
[1.167s] -- Found OpenSSL: /usr/lib/x86_64-linux-gnu/libcrypto.so (found version "3.0.2")  
[1.196s] -- Found FastRTPS: /opt/ros/humble/include  
[1.243s] -- Using RMW implementation 'rmw_fastrtps_cpp' as default
[1.256s] -- Looking for pthread.h
[1.401s] -- Looking for pthread.h - found
[1.403s] -- Performing Test CMAKE_HAVE_LIBC_PTHREAD
[1.536s] -- Performing Test CMAKE_HAVE_LIBC_PTHREAD - Success
[1.539s] -- Found Threads: TRUE  
[1.591s] -- Found rclcpp_action: 16.0.10 (/opt/ros/humble/share/rclcpp_action/cmake)
[1.627s] -- Found example_interfaces: 0.9.3 (/opt/ros/humble/share/example_interfaces/cmake)
[1.642s] -- Found ament_lint_auto: 0.12.11 (/opt/ros/humble/share/ament_lint_auto/cmake)
[1.737s] -- Added test 'cppcheck' to perform static code analysis on C / C++ code
[1.737s] -- Configured cppcheck include dirs: 
[1.737s] -- Configured cppcheck exclude dirs and/or files: 
[1.738s] -- Added test 'flake8' to check Python code syntax and style conventions
[1.739s] -- Added test 'lint_cmake' to check CMake code style
[1.740s] -- Added test 'pep257' to check Python code against some of the docstring style conventions in PEP 257
[1.743s] -- Added test 'uncrustify' to check C / C++ code style
[1.743s] -- Configured uncrustify additional arguments: 
[1.745s] -- Added test 'xmllint' to check XML markup files
[1.747s] -- Configuring done
[1.781s] -- Generating done
[1.781s] -- Build files have been written to: /home/ymz/Codes/2025-vision-training/YeMingzhe/hw_4/motion_demo/build/motion_demo
[1.794s] Invoked command in '/home/ymz/Codes/2025-vision-training/YeMingzhe/hw_4/motion_demo/build/motion_demo' returned '0': CMAKE_PREFIX_PATH=${CMAKE_PREFIX_PATH}:/opt/ros/humble /usr/bin/cmake /home/ymz/Codes/2025-vision-training/YeMingzhe/hw_4/motion_demo/src/motion_demo -DCMAKE_INSTALL_PREFIX=/home/ymz/Codes/2025-vision-training/YeMingzhe/hw_4/motion_demo/install/motion_demo
[1.797s] Invoking command in '/home/ymz/Codes/2025-vision-training/YeMingzhe/hw_4/motion_demo/build/motion_demo': CMAKE_PREFIX_PATH=${CMAKE_PREFIX_PATH}:/opt/ros/humble /usr/bin/cmake --build /home/ymz/Codes/2025-vision-training/YeMingzhe/hw_4/motion_demo/build/motion_demo -- -j4 -l4
[1.895s] [ 25%] [32mBuilding CXX object CMakeFiles/motion_server.dir/src/motion_server.cpp.o[0m
[1.896s] [ 50%] [32mBuilding CXX object CMakeFiles/motion_client.dir/src/motion_client.cpp.o[0m
[4.693s] [01m[K/home/ymz/Codes/2025-vision-training/YeMingzhe/hw_4/motion_demo/src/motion_demo/src/motion_client.cpp:[m[K In member function ‘[01m[Kvoid MotionClient::send_goal(double)[m[K’:
[4.693s] [01m[K/home/ymz/Codes/2025-vision-training/YeMingzhe/hw_4/motion_demo/src/motion_demo/src/motion_client.cpp:43:9:[m[K [01;31m[Kerror: [m[Kno match for ‘[01m[Koperator=[m[K’ (operand types are ‘[01m[Krclcpp_action::Client<example_interfaces::action::Fibonacci>::GoalResponseCallback[m[K’ {aka ‘[01m[Kstd::function<void(std::shared_ptr<rclcpp_action::ClientGoalHandle<example_interfaces::action::Fibonacci> >)>[m[K’} and ‘[01m[KMotionClient::send_goal(double)::<lambda(std::shared_future<std::shared_ptr<rclcpp_action::ClientGoalHandle<example_interfaces::action::Fibonacci> > >)>[m[K’)
[4.694s]    43 |         [01;31m[K}[m[K;
[4.694s]       |         [01;31m[K^[m[K
[4.694s] In file included from [01m[K/usr/include/c++/11/future:47[m[K,
[4.694s]                  from [01m[K/opt/ros/humble/include/rclcpp/rclcpp/executors.hpp:18[m[K,
[4.694s]                  from [01m[K/opt/ros/humble/include/rclcpp/rclcpp/rclcpp.hpp:155[m[K,
[4.694s]                  from [01m[K/home/ymz/Codes/2025-vision-training/YeMingzhe/hw_4/motion_demo/src/motion_demo/src/motion_client.cpp:2[m[K:
[4.695s] [01m[K/usr/include/c++/11/bits/std_function.h:530:9:[m[K [01;36m[Knote: [m[Kcandidate: ‘[01m[Ktemplate<class _Functor> std::function<_Res(_ArgTypes ...)>::_Requires<std::function<_Res(_ArgTypes ...)>::_Callable<_Functor>, std::function<_Res(_ArgTypes ...)>&> std::function<_Res(_ArgTypes ...)>::operator=(_Functor&&) [with _Functor = _Functor; _Res = void; _ArgTypes = {std::shared_ptr<rclcpp_action::ClientGoalHandle<example_interfaces::action::Fibonacci> >}][m[K’
[4.695s]   530 |         [01;36m[Koperator[m[K=(_Functor&& __f)
[4.695s]       |         [01;36m[K^~~~~~~~[m[K
[4.696s] [01m[K/usr/include/c++/11/bits/std_function.h:530:9:[m[K [01;36m[Knote: [m[K  template argument deduction/substitution failed:
[4.696s] In file included from [01m[K/usr/include/c++/11/bits/move.h:57[m[K,
[4.696s]                  from [01m[K/usr/include/c++/11/bits/stl_pair.h:59[m[K,
[4.696s]                  from [01m[K/usr/include/c++/11/bits/stl_algobase.h:64[m[K,
[4.696s]                  from [01m[K/usr/include/c++/11/memory:63[m[K,
[4.697s]                  from [01m[K/home/ymz/Codes/2025-vision-training/YeMingzhe/hw_4/motion_demo/src/motion_demo/src/motion_client.cpp:1[m[K:
[4.697s] /usr/include/c++/11/type_traits: In substitution of ‘[01m[Ktemplate<bool _Cond, class _Tp> using __enable_if_t = typename std::enable_if::type [with bool _Cond = false; _Tp = std::function<void(std::shared_ptr<rclcpp_action::ClientGoalHandle<example_interfaces::action::Fibonacci> >)>&][m[K’:
[4.697s] [01m[K/usr/include/c++/11/bits/std_function.h:353:8:[m[K   required by substitution of ‘[01m[Ktemplate<class _Res, class ... _ArgTypes> template<class _Cond, class _Tp> using _Requires = std::__enable_if_t<_Cond::value, _Tp> [with _Cond = std::function<void(std::shared_ptr<rclcpp_action::ClientGoalHandle<example_interfaces::action::Fibonacci> >)>::_Callable<MotionClient::send_goal(double)::<lambda(std::shared_future<std::shared_ptr<rclcpp_action::ClientGoalHandle<example_interfaces::action::Fibonacci> > >)>, MotionClient::send_goal(double)::<lambda(std::shared_future<std::shared_ptr<rclcpp_action::ClientGoalHandle<example_interfaces::action::Fibonacci> > >)>, std::__invoke_result<MotionClient::send_goal(double)::<lambda(std::shared_future<std::shared_ptr<rclcpp_action::ClientGoalHandle<example_interfaces::action::Fibonacci> > >)>&, std::shared_ptr<rclcpp_action::ClientGoalHandle<example_interfaces::action::Fibonacci> > > >; _Tp = std::function<void(std::shared_ptr<rclcpp_action::ClientGoalHandle<example_interfaces::action::Fibonacci> >)>&; _Res = void; _ArgTypes = {std::shared_ptr<rclcpp_action::ClientGoalHandle<example_interfaces::action::Fibonacci> >}][m[K’
[4.697s] [01m[K/usr/include/c++/11/bits/std_function.h:530:2:[m[K   required by substitution of ‘[01m[Ktemplate<class _Functor> std::function<void(std::shared_ptr<rclcpp_action::ClientGoalHandle<example_interfaces::action::Fibonacci> >)>::_Requires<std::function<void(std::shared_ptr<rclcpp_action::ClientGoalHandle<example_interfaces::action::Fibonacci> >)>::_Callable<_Functor, typename std::enable_if<(! std::is_same<typename std::remove_cv<typename std::remove_reference<_Tp>::type>::type, std::function<void(std::shared_ptr<rclcpp_action::ClientGoalHandle<example_interfaces::action::Fibonacci> >)> >::value), std::decay<_Tp> >::type::type, std::__invoke_result<typename std::enable_if<(! std::is_same<typename std::remove_cv<typename std::remove_reference<_Tp>::type>::type, std::function<void(std::shared_ptr<rclcpp_action::ClientGoalHandle<example_interfaces::action::Fibonacci> >)> >::value), std::decay<_Tp> >::type::type&, std::shared_ptr<rclcpp_action::ClientGoalHandle<example_interfaces::action::Fibonacci> > > >, std::function<void(std::shared_ptr<rclcpp_action::ClientGoalHandle<example_interfaces::action::Fibonacci> >)>&> std::function<void(std::shared_ptr<rclcpp_action::ClientGoalHandle<example_interfaces::action::Fibonacci> >)>::operator=<_Functor>(_Functor&&) [with _Functor = MotionClient::send_goal(double)::<lambda(std::shared_future<std::shared_ptr<rclcpp_action::ClientGoalHandle<example_interfaces::action::Fibonacci> > >)>][m[K’
[4.697s] [01m[K/home/ymz/Codes/2025-vision-training/YeMingzhe/hw_4/motion_demo/src/motion_demo/src/motion_client.cpp:43:9:[m[K   required from here
[4.697s] [01m[K/usr/include/c++/11/type_traits:2205:11:[m[K [01;31m[Kerror: [m[Kno type named ‘[01m[Ktype[m[K’ in ‘[01m[Kstruct std::enable_if<false, std::function<void(std::shared_ptr<rclcpp_action::ClientGoalHandle<example_interfaces::action::Fibonacci> >)>&>[m[K’
[4.697s]  2205 |     using [01;31m[K__enable_if_t[m[K = typename enable_if<_Cond, _Tp>::type;
[4.698s]       |           [01;31m[K^~~~~~~~~~~~~[m[K
[4.698s] In file included from [01m[K/usr/include/c++/11/future:47[m[K,
[4.698s]                  from [01m[K/opt/ros/humble/include/rclcpp/rclcpp/executors.hpp:18[m[K,
[4.698s]                  from [01m[K/opt/ros/humble/include/rclcpp/rclcpp/rclcpp.hpp:155[m[K,
[4.703s]                  from [01m[K/home/ymz/Codes/2025-vision-training/YeMingzhe/hw_4/motion_demo/src/motion_demo/src/motion_client.cpp:2[m[K:
[4.703s] [01m[K/usr/include/c++/11/bits/std_function.h:540:9:[m[K [01;36m[Knote: [m[Kcandidate: ‘[01m[Ktemplate<class _Functor> std::function<_Res(_ArgTypes ...)>& std::function<_Res(_ArgTypes ...)>::operator=(std::reference_wrapper<_Functor>) [with _Functor = _Functor; _Res = void; _ArgTypes = {std::shared_ptr<rclcpp_action::ClientGoalHandle<example_interfaces::action::Fibonacci> >}][m[K’
[4.703s]   540 |         [01;36m[Koperator[m[K=(reference_wrapper<_Functor> __f) noexcept
[4.703s]       |         [01;36m[K^~~~~~~~[m[K
[4.703s] [01m[K/usr/include/c++/11/bits/std_function.h:540:9:[m[K [01;36m[Knote: [m[K  template argument deduction/substitution failed:
[4.703s] [01m[K/home/ymz/Codes/2025-vision-training/YeMingzhe/hw_4/motion_demo/src/motion_demo/src/motion_client.cpp:43:9:[m[K [01;36m[Knote: [m[K  ‘[01m[KMotionClient::send_goal(double)::<lambda(std::shared_future<std::shared_ptr<rclcpp_action::ClientGoalHandle<example_interfaces::action::Fibonacci> > >)>[m[K’ is not derived from ‘[01m[Kstd::reference_wrapper<_Tp>[m[K’
[4.703s]    43 |         [01;36m[K}[m[K;
[4.703s]       |         [01;36m[K^[m[K
[4.703s] In file included from [01m[K/usr/include/c++/11/future:47[m[K,
[4.703s]                  from [01m[K/opt/ros/humble/include/rclcpp/rclcpp/executors.hpp:18[m[K,
[4.704s]                  from [01m[K/opt/ros/humble/include/rclcpp/rclcpp/rclcpp.hpp:155[m[K,
[4.704s]                  from [01m[K/home/ymz/Codes/2025-vision-training/YeMingzhe/hw_4/motion_demo/src/motion_demo/src/motion_client.cpp:2[m[K:
[4.704s] [01m[K/usr/include/c++/11/bits/std_function.h:469:7:[m[K [01;36m[Knote: [m[Kcandidate: ‘[01m[Kstd::function<_Res(_ArgTypes ...)>& std::function<_Res(_ArgTypes ...)>::operator=(const std::function<_Res(_ArgTypes ...)>&) [with _Res = void; _ArgTypes = {std::shared_ptr<rclcpp_action::ClientGoalHandle<example_interfaces::action::Fibonacci> >}][m[K’
[4.704s]   469 |       [01;36m[Koperator[m[K=(const function& __x)
[4.704s]       |       [01;36m[K^~~~~~~~[m[K
[4.704s] [01m[K/usr/include/c++/11/bits/std_function.h:469:33:[m[K [01;36m[Knote: [m[K  no known conversion for argument 1 from ‘[01m[KMotionClient::send_goal(double)::<lambda(std::shared_future<std::shared_ptr<rclcpp_action::ClientGoalHandle<example_interfaces::action::Fibonacci> > >)>[m[K’ to ‘[01m[Kconst std::function<void(std::shared_ptr<rclcpp_action::ClientGoalHandle<example_interfaces::action::Fibonacci> >)>&[m[K’
[4.704s]   469 |       operator=([01;36m[Kconst function& __x[m[K)
[4.704s]       |                 [01;36m[K~~~~~~~~~~~~~~~~^~~[m[K
[4.704s] [01m[K/usr/include/c++/11/bits/std_function.h:487:7:[m[K [01;36m[Knote: [m[Kcandidate: ‘[01m[Kstd::function<_Res(_ArgTypes ...)>& std::function<_Res(_ArgTypes ...)>::operator=(std::function<_Res(_ArgTypes ...)>&&) [with _Res = void; _ArgTypes = {std::shared_ptr<rclcpp_action::ClientGoalHandle<example_interfaces::action::Fibonacci> >}][m[K’
[4.704s]   487 |       [01;36m[Koperator[m[K=(function&& __x) noexcept
[4.704s]       |       [01;36m[K^~~~~~~~[m[K
[4.705s] [01m[K/usr/include/c++/11/bits/std_function.h:487:28:[m[K [01;36m[Knote: [m[K  no known conversion for argument 1 from ‘[01m[KMotionClient::send_goal(double)::<lambda(std::shared_future<std::shared_ptr<rclcpp_action::ClientGoalHandle<example_interfaces::action::Fibonacci> > >)>[m[K’ to ‘[01m[Kstd::function<void(std::shared_ptr<rclcpp_action::ClientGoalHandle<example_interfaces::action::Fibonacci> >)>&&[m[K’
[4.705s]   487 |       operator=([01;36m[Kfunction&& __x[m[K) noexcept
[4.705s]       |                 [01;36m[K~~~~~~~~~~~^~~[m[K
[4.705s] [01m[K/usr/include/c++/11/bits/std_function.h:501:7:[m[K [01;36m[Knote: [m[Kcandidate: ‘[01m[Kstd::function<_Res(_ArgTypes ...)>& std::function<_Res(_ArgTypes ...)>::operator=(std::nullptr_t) [with _Res = void; _ArgTypes = {std::shared_ptr<rclcpp_action::ClientGoalHandle<example_interfaces::action::Fibonacci> >}; std::nullptr_t = std::nullptr_t][m[K’
[4.705s]   501 |       [01;36m[Koperator[m[K=(nullptr_t) noexcept
[4.705s]       |       [01;36m[K^~~~~~~~[m[K
[4.705s] [01m[K/usr/include/c++/11/bits/std_function.h:501:17:[m[K [01;36m[Knote: [m[K  no known conversion for argument 1 from ‘[01m[KMotionClient::send_goal(double)::<lambda(std::shared_future<std::shared_ptr<rclcpp_action::ClientGoalHandle<example_interfaces::action::Fibonacci> > >)>[m[K’ to ‘[01m[Kstd::nullptr_t[m[K’
[4.706s]   501 |       operator=([01;36m[Knullptr_t[m[K) noexcept
[4.706s]       |                 [01;36m[K^~~~~~~~~[m[K
[4.717s] [01m[K/home/ymz/Codes/2025-vision-training/YeMingzhe/hw_4/motion_demo/src/motion_demo/src/motion_server.cpp:[m[K In member function ‘[01m[Krclcpp_action::CancelResponse MotionServer::handle_cancel(std::shared_ptr<rclcpp_action::ServerGoalHandle<example_interfaces::action::Fibonacci> >)[m[K’:
[4.717s] [01m[K/home/ymz/Codes/2025-vision-training/YeMingzhe/hw_4/motion_demo/src/motion_demo/src/motion_server.cpp:42:52:[m[K [01;35m[Kwarning: [m[Kunused parameter ‘[01m[Kgoal_handle[m[K’ [[01;35m[K]8;;https://gcc.gnu.org/onlinedocs/gcc/Warning-Options.html#index-Wunused-parameter-Wunused-parameter]8;;[m[K]
[4.717s]    42 |         [01;35m[Kconst std::shared_ptr<GoalHandleFibonacci> goal_handle[m[K) {
[4.717s]       |         [01;35m[K~~~~~~~~~~~~~~~~~~~~~~~~~~~~~~~~~~~~~~~~~~~^~~~~~~~~~~[m[K
[5.339s] gmake[2]: *** [CMakeFiles/motion_client.dir/build.make:76: CMakeFiles/motion_client.dir/src/motion_client.cpp.o] Error 1
[5.339s] gmake[1]: *** [CMakeFiles/Makefile2:165: CMakeFiles/motion_client.dir/all] Error 2
[5.340s] gmake[1]: *** Waiting for unfinished jobs....
[6.006s] [ 75%] [32m[1mLinking CXX executable motion_server[0m
[6.278s] [ 75%] Built target motion_server
[6.280s] gmake: *** [Makefile:146: all] Error 2
[6.283s] Invoked command in '/home/ymz/Codes/2025-vision-training/YeMingzhe/hw_4/motion_demo/build/motion_demo' returned '2': CMAKE_PREFIX_PATH=${CMAKE_PREFIX_PATH}:/opt/ros/humble /usr/bin/cmake --build /home/ymz/Codes/2025-vision-training/YeMingzhe/hw_4/motion_demo/build/motion_demo -- -j4 -l4
