[35m[1mConsolidate compiler generated dependencies of target motion_client[0m
[ 25%] [32mBuilding CXX object CMakeFiles/motion_server.dir/src/motion_server.cpp.o[0m
[ 50%] [32mBuilding CXX object CMakeFiles/motion_client.dir/src/motion_client.cpp.o[0m
[01m[K/home/ymz/Codes/2025-vision-training/YeMingzhe/hw_4/motion_demo/src/motion_demo/src/motion_server.cpp:[m[K In member function ‘[01m[Krclcpp_action::CancelResponse MotionServer::handle_cancel(std::shared_ptr<rclcpp_action::ServerGoalHandle<example_interfaces::action::Fibonacci> >)[m[K’:
[01m[K/home/ymz/Codes/2025-vision-training/YeMingzhe/hw_4/motion_demo/src/motion_demo/src/motion_server.cpp:42:52:[m[K [01;35m[Kwarning: [m[Kunused parameter ‘[01m[Kgoal_handle[m[K’ [[01;35m[K]8;;https://gcc.gnu.org/onlinedocs/gcc/Warning-Options.html#index-Wunused-parameter-Wunused-parameter]8;;[m[K]
   42 |         [01;35m[Kconst std::shared_ptr<GoalHandleFibonacci> goal_handle[m[K) {
      |         [01;35m[K~~~~~~~~~~~~~~~~~~~~~~~~~~~~~~~~~~~~~~~~~~~^~~~~~~~~~~[m[K
[ 75%] [32m[1mLinking CXX executable motion_server[0m
[100%] [32m[1mLinking CXX executable motion_client[0m
[100%] Built target motion_server
[100%] Built target motion_client
-- Install configuration: ""
-- Installing: /home/ymz/Codes/2025-vision-training/YeMingzhe/hw_4/motion_demo/install/motion_demo/lib/motion_demo/motion_server
-- Set runtime path of "/home/ymz/Codes/2025-vision-training/YeMingzhe/hw_4/motion_demo/install/motion_demo/lib/motion_demo/motion_server" to ""
-- Installing: /home/ymz/Codes/2025-vision-training/YeMingzhe/hw_4/motion_demo/install/motion_demo/lib/motion_demo/motion_client
-- Set runtime path of "/home/ymz/Codes/2025-vision-training/YeMingzhe/hw_4/motion_demo/install/motion_demo/lib/motion_demo/motion_client" to ""
-- Up-to-date: /home/ymz/Codes/2025-vision-training/YeMingzhe/hw_4/motion_demo/install/motion_demo/share/motion_demo/config
-- Up-to-date: /home/ymz/Codes/2025-vision-training/YeMingzhe/hw_4/motion_demo/install/motion_demo/share/motion_demo/config/params.yaml
-- Up-to-date: /home/ymz/Codes/2025-vision-training/YeMingzhe/hw_4/motion_demo/install/motion_demo/share/motion_demo/launch
-- Up-to-date: /home/ymz/Codes/2025-vision-training/YeMingzhe/hw_4/motion_demo/install/motion_demo/share/motion_demo/launch/motion_launch.py
-- Up-to-date: /home/ymz/Codes/2025-vision-training/YeMingzhe/hw_4/motion_demo/install/motion_demo/share/ament_index/resource_index/package_run_dependencies/motion_demo
-- Up-to-date: /home/ymz/Codes/2025-vision-training/YeMingzhe/hw_4/motion_demo/install/motion_demo/share/ament_index/resource_index/parent_prefix_path/motion_demo
-- Up-to-date: /home/ymz/Codes/2025-vision-training/YeMingzhe/hw_4/motion_demo/install/motion_demo/share/motion_demo/environment/ament_prefix_path.sh
-- Up-to-date: /home/ymz/Codes/2025-vision-training/YeMingzhe/hw_4/motion_demo/install/motion_demo/share/motion_demo/environment/ament_prefix_path.dsv
-- Up-to-date: /home/ymz/Codes/2025-vision-training/YeMingzhe/hw_4/motion_demo/install/motion_demo/share/motion_demo/environment/path.sh
-- Up-to-date: /home/ymz/Codes/2025-vision-training/YeMingzhe/hw_4/motion_demo/install/motion_demo/share/motion_demo/environment/path.dsv
-- Up-to-date: /home/ymz/Codes/2025-vision-training/YeMingzhe/hw_4/motion_demo/install/motion_demo/share/motion_demo/local_setup.bash
-- Up-to-date: /home/ymz/Codes/2025-vision-training/YeMingzhe/hw_4/motion_demo/install/motion_demo/share/motion_demo/local_setup.sh
-- Up-to-date: /home/ymz/Codes/2025-vision-training/YeMingzhe/hw_4/motion_demo/install/motion_demo/share/motion_demo/local_setup.zsh
-- Up-to-date: /home/ymz/Codes/2025-vision-training/YeMingzhe/hw_4/motion_demo/install/motion_demo/share/motion_demo/local_setup.dsv
-- Installing: /home/ymz/Codes/2025-vision-training/YeMingzhe/hw_4/motion_demo/install/motion_demo/share/motion_demo/package.dsv
-- Up-to-date: /home/ymz/Codes/2025-vision-training/YeMingzhe/hw_4/motion_demo/install/motion_demo/share/ament_index/resource_index/packages/motion_demo
-- Up-to-date: /home/ymz/Codes/2025-vision-training/YeMingzhe/hw_4/motion_demo/install/motion_demo/share/motion_demo/cmake/motion_demoConfig.cmake
-- Up-to-date: /home/ymz/Codes/2025-vision-training/YeMingzhe/hw_4/motion_demo/install/motion_demo/share/motion_demo/cmake/motion_demoConfig-version.cmake
-- Up-to-date: /home/ymz/Codes/2025-vision-training/YeMingzhe/hw_4/motion_demo/install/motion_demo/share/motion_demo/package.xml
