[0.016s] Invoking command in '/home/ymz/Codes/2025-vision-training/YeMingzhe/hw_4/motion_demo/build/motion_demo': CMAKE_PREFIX_PATH=${CMAKE_PREFIX_PATH}:/opt/ros/humble /usr/bin/cmake --build /home/ymz/Codes/2025-vision-training/YeMingzhe/hw_4/motion_demo/build/motion_demo -- -j4 -l4
[0.104s] [35m[1mConsolidate compiler generated dependencies of target motion_client[0m
[0.129s] [ 25%] [32mBuilding CXX object CMakeFiles/motion_server.dir/src/motion_server.cpp.o[0m
[0.150s] [ 50%] [32mBuilding CXX object CMakeFiles/motion_client.dir/src/motion_client.cpp.o[0m
[3.247s] [01m[K/home/ymz/Codes/2025-vision-training/YeMingzhe/hw_4/motion_demo/src/motion_demo/src/motion_server.cpp:[m[K In member function ‘[01m[Krclcpp_action::CancelResponse MotionServer::handle_cancel(std::shared_ptr<rclcpp_action::ServerGoalHandle<example_interfaces::action::Fibonacci> >)[m[K’:
[3.248s] [01m[K/home/ymz/Codes/2025-vision-training/YeMingzhe/hw_4/motion_demo/src/motion_demo/src/motion_server.cpp:42:52:[m[K [01;35m[Kwarning: [m[Kunused parameter ‘[01m[Kgoal_handle[m[K’ [[01;35m[K]8;;https://gcc.gnu.org/onlinedocs/gcc/Warning-Options.html#index-Wunused-parameter-Wunused-parameter]8;;[m[K]
[3.248s]    42 |         [01;35m[Kconst std::shared_ptr<GoalHandleFibonacci> goal_handle[m[K) {
[3.248s]       |         [01;35m[K~~~~~~~~~~~~~~~~~~~~~~~~~~~~~~~~~~~~~~~~~~~^~~~~~~~~~~[m[K
[4.640s] [ 75%] [32m[1mLinking CXX executable motion_server[0m
[4.858s] [100%] [32m[1mLinking CXX executable motion_client[0m
[4.941s] [100%] Built target motion_server
[5.161s] [100%] Built target motion_client
[5.184s] Invoked command in '/home/ymz/Codes/2025-vision-training/YeMingzhe/hw_4/motion_demo/build/motion_demo' returned '0': CMAKE_PREFIX_PATH=${CMAKE_PREFIX_PATH}:/opt/ros/humble /usr/bin/cmake --build /home/ymz/Codes/2025-vision-training/YeMingzhe/hw_4/motion_demo/build/motion_demo -- -j4 -l4
[5.282s] Invoking command in '/home/ymz/Codes/2025-vision-training/YeMingzhe/hw_4/motion_demo/build/motion_demo': CMAKE_PREFIX_PATH=${CMAKE_PREFIX_PATH}:/opt/ros/humble /usr/bin/cmake --install /home/ymz/Codes/2025-vision-training/YeMingzhe/hw_4/motion_demo/build/motion_demo
[5.296s] -- Install configuration: ""
[5.297s] -- Installing: /home/ymz/Codes/2025-vision-training/YeMingzhe/hw_4/motion_demo/install/motion_demo/lib/motion_demo/motion_server
[5.301s] -- Set runtime path of "/home/ymz/Codes/2025-vision-training/YeMingzhe/hw_4/motion_demo/install/motion_demo/lib/motion_demo/motion_server" to ""
[5.302s] -- Installing: /home/ymz/Codes/2025-vision-training/YeMingzhe/hw_4/motion_demo/install/motion_demo/lib/motion_demo/motion_client
[5.306s] -- Set runtime path of "/home/ymz/Codes/2025-vision-training/YeMingzhe/hw_4/motion_demo/install/motion_demo/lib/motion_demo/motion_client" to ""
[5.306s] -- Up-to-date: /home/ymz/Codes/2025-vision-training/YeMingzhe/hw_4/motion_demo/install/motion_demo/share/motion_demo/config
[5.306s] -- Up-to-date: /home/ymz/Codes/2025-vision-training/YeMingzhe/hw_4/motion_demo/install/motion_demo/share/motion_demo/config/params.yaml
[5.307s] -- Up-to-date: /home/ymz/Codes/2025-vision-training/YeMingzhe/hw_4/motion_demo/install/motion_demo/share/motion_demo/launch
[5.307s] -- Up-to-date: /home/ymz/Codes/2025-vision-training/YeMingzhe/hw_4/motion_demo/install/motion_demo/share/motion_demo/launch/motion_launch.py
[5.308s] -- Up-to-date: /home/ymz/Codes/2025-vision-training/YeMingzhe/hw_4/motion_demo/install/motion_demo/share/ament_index/resource_index/package_run_dependencies/motion_demo
[5.308s] -- Up-to-date: /home/ymz/Codes/2025-vision-training/YeMingzhe/hw_4/motion_demo/install/motion_demo/share/ament_index/resource_index/parent_prefix_path/motion_demo
[5.308s] -- Up-to-date: /home/ymz/Codes/2025-vision-training/YeMingzhe/hw_4/motion_demo/install/motion_demo/share/motion_demo/environment/ament_prefix_path.sh
[5.308s] -- Up-to-date: /home/ymz/Codes/2025-vision-training/YeMingzhe/hw_4/motion_demo/install/motion_demo/share/motion_demo/environment/ament_prefix_path.dsv
[5.308s] -- Up-to-date: /home/ymz/Codes/2025-vision-training/YeMingzhe/hw_4/motion_demo/install/motion_demo/share/motion_demo/environment/path.sh
[5.309s] -- Up-to-date: /home/ymz/Codes/2025-vision-training/YeMingzhe/hw_4/motion_demo/install/motion_demo/share/motion_demo/environment/path.dsv
[5.309s] -- Up-to-date: /home/ymz/Codes/2025-vision-training/YeMingzhe/hw_4/motion_demo/install/motion_demo/share/motion_demo/local_setup.bash
[5.309s] -- Up-to-date: /home/ymz/Codes/2025-vision-training/YeMingzhe/hw_4/motion_demo/install/motion_demo/share/motion_demo/local_setup.sh
[5.309s] -- Up-to-date: /home/ymz/Codes/2025-vision-training/YeMingzhe/hw_4/motion_demo/install/motion_demo/share/motion_demo/local_setup.zsh
[5.309s] -- Up-to-date: /home/ymz/Codes/2025-vision-training/YeMingzhe/hw_4/motion_demo/install/motion_demo/share/motion_demo/local_setup.dsv
[5.309s] -- Installing: /home/ymz/Codes/2025-vision-training/YeMingzhe/hw_4/motion_demo/install/motion_demo/share/motion_demo/package.dsv
[5.309s] -- Up-to-date: /home/ymz/Codes/2025-vision-training/YeMingzhe/hw_4/motion_demo/install/motion_demo/share/ament_index/resource_index/packages/motion_demo
[5.309s] -- Up-to-date: /home/ymz/Codes/2025-vision-training/YeMingzhe/hw_4/motion_demo/install/motion_demo/share/motion_demo/cmake/motion_demoConfig.cmake
[5.309s] -- Up-to-date: /home/ymz/Codes/2025-vision-training/YeMingzhe/hw_4/motion_demo/install/motion_demo/share/motion_demo/cmake/motion_demoConfig-version.cmake
[5.310s] -- Up-to-date: /home/ymz/Codes/2025-vision-training/YeMingzhe/hw_4/motion_demo/install/motion_demo/share/motion_demo/package.xml
[5.313s] Invoked command in '/home/ymz/Codes/2025-vision-training/YeMingzhe/hw_4/motion_demo/build/motion_demo' returned '0': CMAKE_PREFIX_PATH=${CMAKE_PREFIX_PATH}:/opt/ros/humble /usr/bin/cmake --install /home/ymz/Codes/2025-vision-training/YeMingzhe/hw_4/motion_demo/build/motion_demo
