[35m[1mConsolidate compiler generated dependencies of target motion_server[0m
[35m[1mConsolidate compiler generated dependencies of target motion_client[0m
[ 25%] [32mBuilding CXX object CMakeFiles/motion_client.dir/src/motion_client.cpp.o[0m
[ 75%] Built target motion_server
[100%] [32m[1mLinking CXX executable motion_client[0m
[100%] Built target motion_client
-- Install configuration: ""
-- Installing: /home/ymz/Codes/2025-vision-training/YeMingzhe/hw_4/motion_demo/install/motion_demo/lib/motion_demo/motion_server
-- Set runtime path of "/home/ymz/Codes/2025-vision-training/YeMingzhe/hw_4/motion_demo/install/motion_demo/lib/motion_demo/motion_server" to ""
-- Installing: /home/ymz/Codes/2025-vision-training/YeMingzhe/hw_4/motion_demo/install/motion_demo/lib/motion_demo/motion_client
-- Set runtime path of "/home/ymz/Codes/2025-vision-training/YeMingzhe/hw_4/motion_demo/install/motion_demo/lib/motion_demo/motion_client" to ""
-- Installing: /home/ymz/Codes/2025-vision-training/YeMingzhe/hw_4/motion_demo/install/motion_demo/share/motion_demo/config
-- Installing: /home/ymz/Codes/2025-vision-training/YeMingzhe/hw_4/motion_demo/install/motion_demo/share/motion_demo/config/params.yaml
-- Installing: /home/ymz/Codes/2025-vision-training/YeMingzhe/hw_4/motion_demo/install/motion_demo/share/motion_demo/launch
-- Installing: /home/ymz/Codes/2025-vision-training/YeMingzhe/hw_4/motion_demo/install/motion_demo/share/motion_demo/launch/motion_launch.py
-- Installing: /home/ymz/Codes/2025-vision-training/YeMingzhe/hw_4/motion_demo/install/motion_demo/share/ament_index/resource_index/package_run_dependencies/motion_demo
-- Installing: /home/ymz/Codes/2025-vision-training/YeMingzhe/hw_4/motion_demo/install/motion_demo/share/ament_index/resource_index/parent_prefix_path/motion_demo
-- Installing: /home/ymz/Codes/2025-vision-training/YeMingzhe/hw_4/motion_demo/install/motion_demo/share/motion_demo/environment/ament_prefix_path.sh
-- Installing: /home/ymz/Codes/2025-vision-training/YeMingzhe/hw_4/motion_demo/install/motion_demo/share/motion_demo/environment/ament_prefix_path.dsv
-- Installing: /home/ymz/Codes/2025-vision-training/YeMingzhe/hw_4/motion_demo/install/motion_demo/share/motion_demo/environment/path.sh
-- Installing: /home/ymz/Codes/2025-vision-training/YeMingzhe/hw_4/motion_demo/install/motion_demo/share/motion_demo/environment/path.dsv
-- Installing: /home/ymz/Codes/2025-vision-training/YeMingzhe/hw_4/motion_demo/install/motion_demo/share/motion_demo/local_setup.bash
-- Installing: /home/ymz/Codes/2025-vision-training/YeMingzhe/hw_4/motion_demo/install/motion_demo/share/motion_demo/local_setup.sh
-- Installing: /home/ymz/Codes/2025-vision-training/YeMingzhe/hw_4/motion_demo/install/motion_demo/share/motion_demo/local_setup.zsh
-- Installing: /home/ymz/Codes/2025-vision-training/YeMingzhe/hw_4/motion_demo/install/motion_demo/share/motion_demo/local_setup.dsv
-- Installing: /home/ymz/Codes/2025-vision-training/YeMingzhe/hw_4/motion_demo/install/motion_demo/share/motion_demo/package.dsv
-- Installing: /home/ymz/Codes/2025-vision-training/YeMingzhe/hw_4/motion_demo/install/motion_demo/share/ament_index/resource_index/packages/motion_demo
-- Installing: /home/ymz/Codes/2025-vision-training/YeMingzhe/hw_4/motion_demo/install/motion_demo/share/motion_demo/cmake/motion_demoConfig.cmake
-- Installing: /home/ymz/Codes/2025-vision-training/YeMingzhe/hw_4/motion_demo/install/motion_demo/share/motion_demo/cmake/motion_demoConfig-version.cmake
-- Installing: /home/ymz/Codes/2025-vision-training/YeMingzhe/hw_4/motion_demo/install/motion_demo/share/motion_demo/package.xml
