[0.037s] Invoking command in '/home/ymz/Codes/2025-vision-training/YeMingzhe/hw_4/division_topic/build/example_service_rclcpp': CMAKE_PREFIX_PATH=/home/ymz/Codes/2025-vision-training/YeMingzhe/hw_4/division_topic/install/custom_interfaces:/home/ymz/Codes/2025-vision-training/YeMingzhe/hw_4/division_topic/install/example_service_rclcpp:/home/ymz/Codes/ros2_learning/chapt3/chapt3_ws/install/example_topic_rclcpp:/home/ymz/Codes/ros2_learning/chapt3/chapt3_ws/install/example_service_rclcpp:/opt/ros/humble /usr/bin/cmake --build /home/ymz/Codes/2025-vision-training/YeMingzhe/hw_4/division_topic/build/example_service_rclcpp -- -j4 -l4
[0.119s] [35m[1mConsolidate compiler generated dependencies of target service_client_01[0m
[0.154s] [ 50%] Built target service_server_01
[0.159s] [100%] Built target service_client_01
[0.179s] Invoked command in '/home/ymz/Codes/2025-vision-training/YeMingzhe/hw_4/division_topic/build/example_service_rclcpp' returned '0': CMAKE_PREFIX_PATH=/home/ymz/Codes/2025-vision-training/YeMingzhe/hw_4/division_topic/install/custom_interfaces:/home/ymz/Codes/2025-vision-training/YeMingzhe/hw_4/division_topic/install/example_service_rclcpp:/home/ymz/Codes/ros2_learning/chapt3/chapt3_ws/install/example_topic_rclcpp:/home/ymz/Codes/ros2_learning/chapt3/chapt3_ws/install/example_service_rclcpp:/opt/ros/humble /usr/bin/cmake --build /home/ymz/Codes/2025-vision-training/YeMingzhe/hw_4/division_topic/build/example_service_rclcpp -- -j4 -l4
[0.276s] Invoking command in '/home/ymz/Codes/2025-vision-training/YeMingzhe/hw_4/division_topic/build/example_service_rclcpp': CMAKE_PREFIX_PATH=/home/ymz/Codes/2025-vision-training/YeMingzhe/hw_4/division_topic/install/custom_interfaces:/home/ymz/Codes/2025-vision-training/YeMingzhe/hw_4/division_topic/install/example_service_rclcpp:/home/ymz/Codes/ros2_learning/chapt3/chapt3_ws/install/example_topic_rclcpp:/home/ymz/Codes/ros2_learning/chapt3/chapt3_ws/install/example_service_rclcpp:/opt/ros/humble /usr/bin/cmake --install /home/ymz/Codes/2025-vision-training/YeMingzhe/hw_4/division_topic/build/example_service_rclcpp
[0.289s] -- Install configuration: ""
[0.290s] -- Up-to-date: /home/ymz/Codes/2025-vision-training/YeMingzhe/hw_4/division_topic/install/example_service_rclcpp/lib/example_service_rclcpp/service_server_01
[0.291s] -- Up-to-date: /home/ymz/Codes/2025-vision-training/YeMingzhe/hw_4/division_topic/install/example_service_rclcpp/lib/example_service_rclcpp/service_client_01
[0.292s] -- Up-to-date: /home/ymz/Codes/2025-vision-training/YeMingzhe/hw_4/division_topic/install/example_service_rclcpp/share/ament_index/resource_index/package_run_dependencies/example_service_rclcpp
[0.292s] -- Up-to-date: /home/ymz/Codes/2025-vision-training/YeMingzhe/hw_4/division_topic/install/example_service_rclcpp/share/ament_index/resource_index/parent_prefix_path/example_service_rclcpp
[0.293s] -- Up-to-date: /home/ymz/Codes/2025-vision-training/YeMingzhe/hw_4/division_topic/install/example_service_rclcpp/share/example_service_rclcpp/environment/ament_prefix_path.sh
[0.293s] -- Up-to-date: /home/ymz/Codes/2025-vision-training/YeMingzhe/hw_4/division_topic/install/example_service_rclcpp/share/example_service_rclcpp/environment/ament_prefix_path.dsv
[0.293s] -- Up-to-date: /home/ymz/Codes/2025-vision-training/YeMingzhe/hw_4/division_topic/install/example_service_rclcpp/share/example_service_rclcpp/environment/path.sh
[0.293s] -- Up-to-date: /home/ymz/Codes/2025-vision-training/YeMingzhe/hw_4/division_topic/install/example_service_rclcpp/share/example_service_rclcpp/environment/path.dsv
[0.293s] -- Up-to-date: /home/ymz/Codes/2025-vision-training/YeMingzhe/hw_4/division_topic/install/example_service_rclcpp/share/example_service_rclcpp/local_setup.bash
[0.293s] -- Up-to-date: /home/ymz/Codes/2025-vision-training/YeMingzhe/hw_4/division_topic/install/example_service_rclcpp/share/example_service_rclcpp/local_setup.sh
[0.294s] -- Up-to-date: /home/ymz/Codes/2025-vision-training/YeMingzhe/hw_4/division_topic/install/example_service_rclcpp/share/example_service_rclcpp/local_setup.zsh
[0.294s] -- Up-to-date: /home/ymz/Codes/2025-vision-training/YeMingzhe/hw_4/division_topic/install/example_service_rclcpp/share/example_service_rclcpp/local_setup.dsv
[0.294s] -- Installing: /home/ymz/Codes/2025-vision-training/YeMingzhe/hw_4/division_topic/install/example_service_rclcpp/share/example_service_rclcpp/package.dsv
[0.294s] -- Up-to-date: /home/ymz/Codes/2025-vision-training/YeMingzhe/hw_4/division_topic/install/example_service_rclcpp/share/ament_index/resource_index/packages/example_service_rclcpp
[0.294s] -- Up-to-date: /home/ymz/Codes/2025-vision-training/YeMingzhe/hw_4/division_topic/install/example_service_rclcpp/share/example_service_rclcpp/cmake/example_service_rclcppConfig.cmake
[0.294s] -- Up-to-date: /home/ymz/Codes/2025-vision-training/YeMingzhe/hw_4/division_topic/install/example_service_rclcpp/share/example_service_rclcpp/cmake/example_service_rclcppConfig-version.cmake
[0.294s] -- Up-to-date: /home/ymz/Codes/2025-vision-training/YeMingzhe/hw_4/division_topic/install/example_service_rclcpp/share/example_service_rclcpp/package.xml
[0.296s] Invoked command in '/home/ymz/Codes/2025-vision-training/YeMingzhe/hw_4/division_topic/build/example_service_rclcpp' returned '0': CMAKE_PREFIX_PATH=/home/ymz/Codes/2025-vision-training/YeMingzhe/hw_4/division_topic/install/custom_interfaces:/home/ymz/Codes/2025-vision-training/YeMingzhe/hw_4/division_topic/install/example_service_rclcpp:/home/ymz/Codes/ros2_learning/chapt3/chapt3_ws/install/example_topic_rclcpp:/home/ymz/Codes/ros2_learning/chapt3/chapt3_ws/install/example_service_rclcpp:/opt/ros/humble /usr/bin/cmake --install /home/ymz/Codes/2025-vision-training/YeMingzhe/hw_4/division_topic/build/example_service_rclcpp
