[ 50%] Built target service_server_01
[ 75%] [32mBuilding CXX object CMakeFiles/service_client_01.dir/src/service_client_01.cpp.o[0m
[100%] [32m[1mLinking CXX executable service_client_01[0m
[100%] Built target service_client_01
-- Install configuration: ""
-- Up-to-date: /home/ymz/Codes/2025-vision-training/YeMingzhe/hw_4/division_topic/install/example_service_rclcpp/lib/example_service_rclcpp/service_server_01
-- Installing: /home/ymz/Codes/2025-vision-training/YeMingzhe/hw_4/division_topic/install/example_service_rclcpp/lib/example_service_rclcpp/service_client_01
-- Set runtime path of "/home/ymz/Codes/2025-vision-training/YeMingzhe/hw_4/division_topic/install/example_service_rclcpp/lib/example_service_rclcpp/service_client_01" to ""
-- Up-to-date: /home/ymz/Codes/2025-vision-training/YeMingzhe/hw_4/division_topic/install/example_service_rclcpp/share/ament_index/resource_index/package_run_dependencies/example_service_rclcpp
-- Up-to-date: /home/ymz/Codes/2025-vision-training/YeMingzhe/hw_4/division_topic/install/example_service_rclcpp/share/ament_index/resource_index/parent_prefix_path/example_service_rclcpp
-- Up-to-date: /home/ymz/Codes/2025-vision-training/YeMingzhe/hw_4/division_topic/install/example_service_rclcpp/share/example_service_rclcpp/environment/ament_prefix_path.sh
-- Up-to-date: /home/ymz/Codes/2025-vision-training/YeMingzhe/hw_4/division_topic/install/example_service_rclcpp/share/example_service_rclcpp/environment/ament_prefix_path.dsv
-- Up-to-date: /home/ymz/Codes/2025-vision-training/YeMingzhe/hw_4/division_topic/install/example_service_rclcpp/share/example_service_rclcpp/environment/path.sh
-- Up-to-date: /home/ymz/Codes/2025-vision-training/YeMingzhe/hw_4/division_topic/install/example_service_rclcpp/share/example_service_rclcpp/environment/path.dsv
-- Up-to-date: /home/ymz/Codes/2025-vision-training/YeMingzhe/hw_4/division_topic/install/example_service_rclcpp/share/example_service_rclcpp/local_setup.bash
-- Up-to-date: /home/ymz/Codes/2025-vision-training/YeMingzhe/hw_4/division_topic/install/example_service_rclcpp/share/example_service_rclcpp/local_setup.sh
-- Up-to-date: /home/ymz/Codes/2025-vision-training/YeMingzhe/hw_4/division_topic/install/example_service_rclcpp/share/example_service_rclcpp/local_setup.zsh
-- Up-to-date: /home/ymz/Codes/2025-vision-training/YeMingzhe/hw_4/division_topic/install/example_service_rclcpp/share/example_service_rclcpp/local_setup.dsv
-- Installing: /home/ymz/Codes/2025-vision-training/YeMingzhe/hw_4/division_topic/install/example_service_rclcpp/share/example_service_rclcpp/package.dsv
-- Up-to-date: /home/ymz/Codes/2025-vision-training/YeMingzhe/hw_4/division_topic/install/example_service_rclcpp/share/ament_index/resource_index/packages/example_service_rclcpp
-- Up-to-date: /home/ymz/Codes/2025-vision-training/YeMingzhe/hw_4/division_topic/install/example_service_rclcpp/share/example_service_rclcpp/cmake/example_service_rclcppConfig.cmake
-- Up-to-date: /home/ymz/Codes/2025-vision-training/YeMingzhe/hw_4/division_topic/install/example_service_rclcpp/share/example_service_rclcpp/cmake/example_service_rclcppConfig-version.cmake
-- Up-to-date: /home/ymz/Codes/2025-vision-training/YeMingzhe/hw_4/division_topic/install/example_service_rclcpp/share/example_service_rclcpp/package.xml
