[0.023s] Invoking command in '/home/ymz/Codes/2025-vision-training/YeMingzhe/hw_4/division_topic/build/example_service_rclcpp': CMAKE_PREFIX_PATH=/home/ymz/Codes/2025-vision-training/YeMingzhe/hw_4/division_topic/install/custom_interfaces:/home/ymz/Codes/2025-vision-training/YeMingzhe/hw_4/division_topic/install/example_service_rclcpp:/home/ymz/Codes/ros2_learning/chapt3/chapt3_ws/install/example_topic_rclcpp:/home/ymz/Codes/ros2_learning/chapt3/chapt3_ws/install/example_service_rclcpp:/opt/ros/humble /usr/bin/cmake --build /home/ymz/Codes/2025-vision-training/YeMingzhe/hw_4/division_topic/build/example_service_rclcpp -- -j4 -l4
[0.141s] [ 50%] Built target service_server_01
[0.142s] [ 75%] [32mBuilding CXX object CMakeFiles/service_client_01.dir/src/service_client_01.cpp.o[0m
[4.332s] [100%] [32m[1mLinking CXX executable service_client_01[0m
[4.627s] [100%] Built target service_client_01
[4.650s] Invoked command in '/home/ymz/Codes/2025-vision-training/YeMingzhe/hw_4/division_topic/build/example_service_rclcpp' returned '0': CMAKE_PREFIX_PATH=/home/ymz/Codes/2025-vision-training/YeMingzhe/hw_4/division_topic/install/custom_interfaces:/home/ymz/Codes/2025-vision-training/YeMingzhe/hw_4/division_topic/install/example_service_rclcpp:/home/ymz/Codes/ros2_learning/chapt3/chapt3_ws/install/example_topic_rclcpp:/home/ymz/Codes/ros2_learning/chapt3/chapt3_ws/install/example_service_rclcpp:/opt/ros/humble /usr/bin/cmake --build /home/ymz/Codes/2025-vision-training/YeMingzhe/hw_4/division_topic/build/example_service_rclcpp -- -j4 -l4
[4.758s] Invoking command in '/home/ymz/Codes/2025-vision-training/YeMingzhe/hw_4/division_topic/build/example_service_rclcpp': CMAKE_PREFIX_PATH=/home/ymz/Codes/2025-vision-training/YeMingzhe/hw_4/division_topic/install/custom_interfaces:/home/ymz/Codes/2025-vision-training/YeMingzhe/hw_4/division_topic/install/example_service_rclcpp:/home/ymz/Codes/ros2_learning/chapt3/chapt3_ws/install/example_topic_rclcpp:/home/ymz/Codes/ros2_learning/chapt3/chapt3_ws/install/example_service_rclcpp:/opt/ros/humble /usr/bin/cmake --install /home/ymz/Codes/2025-vision-training/YeMingzhe/hw_4/division_topic/build/example_service_rclcpp
[4.774s] -- Install configuration: ""
[4.775s] -- Up-to-date: /home/ymz/Codes/2025-vision-training/YeMingzhe/hw_4/division_topic/install/example_service_rclcpp/lib/example_service_rclcpp/service_server_01
[4.778s] -- Installing: /home/ymz/Codes/2025-vision-training/YeMingzhe/hw_4/division_topic/install/example_service_rclcpp/lib/example_service_rclcpp/service_client_01
[4.781s] -- Set runtime path of "/home/ymz/Codes/2025-vision-training/YeMingzhe/hw_4/division_topic/install/example_service_rclcpp/lib/example_service_rclcpp/service_client_01" to ""
[4.781s] -- Up-to-date: /home/ymz/Codes/2025-vision-training/YeMingzhe/hw_4/division_topic/install/example_service_rclcpp/share/ament_index/resource_index/package_run_dependencies/example_service_rclcpp
[4.782s] -- Up-to-date: /home/ymz/Codes/2025-vision-training/YeMingzhe/hw_4/division_topic/install/example_service_rclcpp/share/ament_index/resource_index/parent_prefix_path/example_service_rclcpp
[4.782s] -- Up-to-date: /home/ymz/Codes/2025-vision-training/YeMingzhe/hw_4/division_topic/install/example_service_rclcpp/share/example_service_rclcpp/environment/ament_prefix_path.sh
[4.782s] -- Up-to-date: /home/ymz/Codes/2025-vision-training/YeMingzhe/hw_4/division_topic/install/example_service_rclcpp/share/example_service_rclcpp/environment/ament_prefix_path.dsv
[4.782s] -- Up-to-date: /home/ymz/Codes/2025-vision-training/YeMingzhe/hw_4/division_topic/install/example_service_rclcpp/share/example_service_rclcpp/environment/path.sh
[4.782s] -- Up-to-date: /home/ymz/Codes/2025-vision-training/YeMingzhe/hw_4/division_topic/install/example_service_rclcpp/share/example_service_rclcpp/environment/path.dsv
[4.782s] -- Up-to-date: /home/ymz/Codes/2025-vision-training/YeMingzhe/hw_4/division_topic/install/example_service_rclcpp/share/example_service_rclcpp/local_setup.bash
[4.782s] -- Up-to-date: /home/ymz/Codes/2025-vision-training/YeMingzhe/hw_4/division_topic/install/example_service_rclcpp/share/example_service_rclcpp/local_setup.sh
[4.783s] -- Up-to-date: /home/ymz/Codes/2025-vision-training/YeMingzhe/hw_4/division_topic/install/example_service_rclcpp/share/example_service_rclcpp/local_setup.zsh
[4.783s] -- Up-to-date: /home/ymz/Codes/2025-vision-training/YeMingzhe/hw_4/division_topic/install/example_service_rclcpp/share/example_service_rclcpp/local_setup.dsv
[4.783s] -- Installing: /home/ymz/Codes/2025-vision-training/YeMingzhe/hw_4/division_topic/install/example_service_rclcpp/share/example_service_rclcpp/package.dsv
[4.783s] -- Up-to-date: /home/ymz/Codes/2025-vision-training/YeMingzhe/hw_4/division_topic/install/example_service_rclcpp/share/ament_index/resource_index/packages/example_service_rclcpp
[4.783s] -- Up-to-date: /home/ymz/Codes/2025-vision-training/YeMingzhe/hw_4/division_topic/install/example_service_rclcpp/share/example_service_rclcpp/cmake/example_service_rclcppConfig.cmake
[4.783s] -- Up-to-date: /home/ymz/Codes/2025-vision-training/YeMingzhe/hw_4/division_topic/install/example_service_rclcpp/share/example_service_rclcpp/cmake/example_service_rclcppConfig-version.cmake
[4.783s] -- Up-to-date: /home/ymz/Codes/2025-vision-training/YeMingzhe/hw_4/division_topic/install/example_service_rclcpp/share/example_service_rclcpp/package.xml
[4.786s] Invoked command in '/home/ymz/Codes/2025-vision-training/YeMingzhe/hw_4/division_topic/build/example_service_rclcpp' returned '0': CMAKE_PREFIX_PATH=/home/ymz/Codes/2025-vision-training/YeMingzhe/hw_4/division_topic/install/custom_interfaces:/home/ymz/Codes/2025-vision-training/YeMingzhe/hw_4/division_topic/install/example_service_rclcpp:/home/ymz/Codes/ros2_learning/chapt3/chapt3_ws/install/example_topic_rclcpp:/home/ymz/Codes/ros2_learning/chapt3/chapt3_ws/install/example_service_rclcpp:/opt/ros/humble /usr/bin/cmake --install /home/ymz/Codes/2025-vision-training/YeMingzhe/hw_4/division_topic/build/example_service_rclcpp
