[0.111s] DEBUG:colcon:Command line arguments: ['/usr/bin/colcon', 'build', '--packages-select', 'custom_interfaces']
[0.111s] DEBUG:colcon:Parsed command line arguments: Namespace(log_base=None, log_level=None, verb_name='build', build_base='build', install_base='install', merge_install=False, symlink_install=False, test_result_base=None, continue_on_error=False, executor='parallel', parallel_workers=4, event_handlers=None, ignore_user_meta=False, metas=['./colcon.meta'], base_paths=['.'], packages_ignore=None, packages_ignore_regex=None, paths=None, packages_up_to=None, packages_up_to_regex=None, packages_above=None, packages_above_and_dependencies=None, packages_above_depth=None, packages_select_by_dep=None, packages_skip_by_dep=None, packages_skip_up_to=None, packages_select_build_failed=False, packages_skip_build_finished=False, packages_select_test_failures=False, packages_skip_test_passed=False, packages_select=['custom_interfaces'], packages_skip=None, packages_select_regex=None, packages_skip_regex=None, packages_start=None, packages_end=None, allow_overriding=[], cmake_args=None, cmake_target=None, cmake_target_skip_unavailable=False, cmake_clean_cache=False, cmake_clean_first=False, cmake_force_configure=False, ament_cmake_args=None, catkin_cmake_args=None, catkin_skip_building_tests=False, verb_parser=<colcon_defaults.argument_parser.defaults.DefaultArgumentsDecorator object at 0x7895cbb5c100>, verb_extension=<colcon_core.verb.build.BuildVerb object at 0x7895cbcc5a50>, main=<bound method BuildVerb.main of <colcon_core.verb.build.BuildVerb object at 0x7895cbcc5a50>>)
[0.277s] Level 1:colcon.colcon_core.package_discovery:discover_packages(colcon_meta) check parameters
[0.278s] Level 1:colcon.colcon_core.package_discovery:discover_packages(recursive) check parameters
[0.278s] Level 1:colcon.colcon_core.package_discovery:discover_packages(ignore) check parameters
[0.278s] Level 1:colcon.colcon_core.package_discovery:discover_packages(path) check parameters
[0.278s] Level 1:colcon.colcon_core.package_discovery:discover_packages(colcon_meta) discover
[0.278s] Level 1:colcon.colcon_core.package_discovery:discover_packages(recursive) discover
[0.278s] INFO:colcon.colcon_core.package_discovery:Crawling recursively for packages in '/home/ymz/Codes/2025-vision-training/YeMingzhe/hw_4/division_topic'
[0.278s] Level 1:colcon.colcon_core.package_identification:_identify(.) by extensions ['ignore', 'ignore_ament_install']
[0.278s] Level 1:colcon.colcon_core.package_identification:_identify(.) by extension 'ignore'
[0.278s] Level 1:colcon.colcon_core.package_identification:_identify(.) by extension 'ignore_ament_install'
[0.278s] Level 1:colcon.colcon_core.package_identification:_identify(.) by extensions ['colcon_pkg']
[0.278s] Level 1:colcon.colcon_core.package_identification:_identify(.) by extension 'colcon_pkg'
[0.278s] Level 1:colcon.colcon_core.package_identification:_identify(.) by extensions ['colcon_meta']
[0.278s] Level 1:colcon.colcon_core.package_identification:_identify(.) by extension 'colcon_meta'
[0.278s] Level 1:colcon.colcon_core.package_identification:_identify(.) by extensions ['ros']
[0.278s] Level 1:colcon.colcon_core.package_identification:_identify(.) by extension 'ros'
[0.290s] Level 1:colcon.colcon_core.package_identification:_identify(.) by extensions ['cmake', 'python']
[0.290s] Level 1:colcon.colcon_core.package_identification:_identify(.) by extension 'cmake'
[0.290s] Level 1:colcon.colcon_core.package_identification:_identify(.) by extension 'python'
[0.290s] Level 1:colcon.colcon_core.package_identification:_identify(.) by extensions ['python_setup_py']
[0.290s] Level 1:colcon.colcon_core.package_identification:_identify(.) by extension 'python_setup_py'
[0.290s] Level 1:colcon.colcon_core.package_identification:_identify(build) by extensions ['ignore', 'ignore_ament_install']
[0.290s] Level 1:colcon.colcon_core.package_identification:_identify(build) by extension 'ignore'
[0.290s] Level 1:colcon.colcon_core.package_identification:_identify(build) ignored
[0.290s] Level 1:colcon.colcon_core.package_identification:_identify(install) by extensions ['ignore', 'ignore_ament_install']
[0.291s] Level 1:colcon.colcon_core.package_identification:_identify(install) by extension 'ignore'
[0.291s] Level 1:colcon.colcon_core.package_identification:_identify(install) ignored
[0.291s] Level 1:colcon.colcon_core.package_identification:_identify(log) by extensions ['ignore', 'ignore_ament_install']
[0.291s] Level 1:colcon.colcon_core.package_identification:_identify(log) by extension 'ignore'
[0.291s] Level 1:colcon.colcon_core.package_identification:_identify(log) ignored
[0.291s] Level 1:colcon.colcon_core.package_identification:_identify(src) by extensions ['ignore', 'ignore_ament_install']
[0.291s] Level 1:colcon.colcon_core.package_identification:_identify(src) by extension 'ignore'
[0.291s] Level 1:colcon.colcon_core.package_identification:_identify(src) by extension 'ignore_ament_install'
[0.291s] Level 1:colcon.colcon_core.package_identification:_identify(src) by extensions ['colcon_pkg']
[0.291s] Level 1:colcon.colcon_core.package_identification:_identify(src) by extension 'colcon_pkg'
[0.291s] Level 1:colcon.colcon_core.package_identification:_identify(src) by extensions ['colcon_meta']
[0.291s] Level 1:colcon.colcon_core.package_identification:_identify(src) by extension 'colcon_meta'
[0.291s] Level 1:colcon.colcon_core.package_identification:_identify(src) by extensions ['ros']
[0.291s] Level 1:colcon.colcon_core.package_identification:_identify(src) by extension 'ros'
[0.291s] Level 1:colcon.colcon_core.package_identification:_identify(src) by extensions ['cmake', 'python']
[0.291s] Level 1:colcon.colcon_core.package_identification:_identify(src) by extension 'cmake'
[0.292s] Level 1:colcon.colcon_core.package_identification:_identify(src) by extension 'python'
[0.292s] Level 1:colcon.colcon_core.package_identification:_identify(src) by extensions ['python_setup_py']
[0.292s] Level 1:colcon.colcon_core.package_identification:_identify(src) by extension 'python_setup_py'
[0.292s] Level 1:colcon.colcon_core.package_identification:_identify(src/custom_interfaces) by extensions ['ignore', 'ignore_ament_install']
[0.292s] Level 1:colcon.colcon_core.package_identification:_identify(src/custom_interfaces) by extension 'ignore'
[0.292s] Level 1:colcon.colcon_core.package_identification:_identify(src/custom_interfaces) by extension 'ignore_ament_install'
[0.292s] Level 1:colcon.colcon_core.package_identification:_identify(src/custom_interfaces) by extensions ['colcon_pkg']
[0.292s] Level 1:colcon.colcon_core.package_identification:_identify(src/custom_interfaces) by extension 'colcon_pkg'
[0.292s] Level 1:colcon.colcon_core.package_identification:_identify(src/custom_interfaces) by extensions ['colcon_meta']
[0.292s] Level 1:colcon.colcon_core.package_identification:_identify(src/custom_interfaces) by extension 'colcon_meta'
[0.292s] Level 1:colcon.colcon_core.package_identification:_identify(src/custom_interfaces) by extensions ['ros']
[0.292s] Level 1:colcon.colcon_core.package_identification:_identify(src/custom_interfaces) by extension 'ros'
[0.294s] DEBUG:colcon.colcon_core.package_identification:Package 'src/custom_interfaces' with type 'ros.ament_cmake' and name 'custom_interfaces'
[0.294s] Level 1:colcon.colcon_core.package_identification:_identify(src/example_service_rclcpp) by extensions ['ignore', 'ignore_ament_install']
[0.294s] Level 1:colcon.colcon_core.package_identification:_identify(src/example_service_rclcpp) by extension 'ignore'
[0.295s] Level 1:colcon.colcon_core.package_identification:_identify(src/example_service_rclcpp) by extension 'ignore_ament_install'
[0.295s] Level 1:colcon.colcon_core.package_identification:_identify(src/example_service_rclcpp) by extensions ['colcon_pkg']
[0.295s] Level 1:colcon.colcon_core.package_identification:_identify(src/example_service_rclcpp) by extension 'colcon_pkg'
[0.295s] Level 1:colcon.colcon_core.package_identification:_identify(src/example_service_rclcpp) by extensions ['colcon_meta']
[0.295s] Level 1:colcon.colcon_core.package_identification:_identify(src/example_service_rclcpp) by extension 'colcon_meta'
[0.295s] Level 1:colcon.colcon_core.package_identification:_identify(src/example_service_rclcpp) by extensions ['ros']
[0.295s] Level 1:colcon.colcon_core.package_identification:_identify(src/example_service_rclcpp) by extension 'ros'
[0.295s] DEBUG:colcon.colcon_core.package_identification:Package 'src/example_service_rclcpp' with type 'ros.ament_cmake' and name 'example_service_rclcpp'
[0.295s] Level 1:colcon.colcon_core.package_discovery:discover_packages(recursive) using defaults
[0.295s] Level 1:colcon.colcon_core.package_discovery:discover_packages(ignore) discover
[0.296s] Level 1:colcon.colcon_core.package_discovery:discover_packages(ignore) using defaults
[0.296s] Level 1:colcon.colcon_core.package_discovery:discover_packages(path) discover
[0.296s] Level 1:colcon.colcon_core.package_discovery:discover_packages(path) using defaults
[0.313s] INFO:colcon.colcon_core.package_selection:Skipping not selected package 'example_service_rclcpp' in 'src/example_service_rclcpp'
[0.314s] Level 1:colcon.colcon_core.package_discovery:discover_packages(prefix_path) check parameters
[0.314s] Level 1:colcon.colcon_core.package_discovery:discover_packages(prefix_path) discover
[0.315s] WARNING:colcon.colcon_core.prefix_path.colcon:The path '/home/ymz/Codes/ros2_learning/chapt3/chapt3_ws/install' in the environment variable COLCON_PREFIX_PATH doesn't exist
[0.315s] WARNING:colcon.colcon_ros.prefix_path.ament:The path '/home/ymz/Codes/2025-vision-training/YeMingzhe/hw_4/division_topic/install/custom_interfaces' in the environment variable AMENT_PREFIX_PATH doesn't exist
[0.315s] WARNING:colcon.colcon_ros.prefix_path.ament:The path '/home/ymz/Codes/ros2_learning/chapt3/chapt3_ws/install/example_topic_rclcpp' in the environment variable AMENT_PREFIX_PATH doesn't exist
[0.315s] WARNING:colcon.colcon_ros.prefix_path.ament:The path '/home/ymz/Codes/ros2_learning/chapt3/chapt3_ws/install/example_service_rclcpp' in the environment variable AMENT_PREFIX_PATH doesn't exist
[0.315s] WARNING:colcon.colcon_ros.prefix_path.catkin:The path '/home/ymz/Codes/2025-vision-training/YeMingzhe/hw_4/division_topic/install/custom_interfaces' in the environment variable CMAKE_PREFIX_PATH doesn't exist
[0.315s] WARNING:colcon.colcon_ros.prefix_path.catkin:The path '/home/ymz/Codes/ros2_learning/chapt3/chapt3_ws/install/example_topic_rclcpp' in the environment variable CMAKE_PREFIX_PATH doesn't exist
[0.315s] WARNING:colcon.colcon_ros.prefix_path.catkin:The path '/home/ymz/Codes/ros2_learning/chapt3/chapt3_ws/install/example_service_rclcpp' in the environment variable CMAKE_PREFIX_PATH doesn't exist
[0.316s] DEBUG:colcon.colcon_installed_package_information.package_discovery:Found 0 installed packages in /home/ymz/Codes/2025-vision-training/YeMingzhe/hw_4/division_topic/install
[0.319s] DEBUG:colcon.colcon_installed_package_information.package_discovery:Found 270 installed packages in /opt/ros/humble
[0.320s] Level 1:colcon.colcon_core.package_discovery:discover_packages(prefix_path) using defaults
[0.372s] Level 5:colcon.colcon_core.verb:set package 'custom_interfaces' build argument 'cmake_args' from command line to 'None'
[0.372s] Level 5:colcon.colcon_core.verb:set package 'custom_interfaces' build argument 'cmake_target' from command line to 'None'
[0.372s] Level 5:colcon.colcon_core.verb:set package 'custom_interfaces' build argument 'cmake_target_skip_unavailable' from command line to 'False'
[0.372s] Level 5:colcon.colcon_core.verb:set package 'custom_interfaces' build argument 'cmake_clean_cache' from command line to 'False'
[0.372s] Level 5:colcon.colcon_core.verb:set package 'custom_interfaces' build argument 'cmake_clean_first' from command line to 'False'
[0.372s] Level 5:colcon.colcon_core.verb:set package 'custom_interfaces' build argument 'cmake_force_configure' from command line to 'False'
[0.372s] Level 5:colcon.colcon_core.verb:set package 'custom_interfaces' build argument 'ament_cmake_args' from command line to 'None'
[0.372s] Level 5:colcon.colcon_core.verb:set package 'custom_interfaces' build argument 'catkin_cmake_args' from command line to 'None'
[0.372s] Level 5:colcon.colcon_core.verb:set package 'custom_interfaces' build argument 'catkin_skip_building_tests' from command line to 'False'
[0.372s] DEBUG:colcon.colcon_core.verb:Building package 'custom_interfaces' with the following arguments: {'ament_cmake_args': None, 'build_base': '/home/ymz/Codes/2025-vision-training/YeMingzhe/hw_4/division_topic/build/custom_interfaces', 'catkin_cmake_args': None, 'catkin_skip_building_tests': False, 'cmake_args': None, 'cmake_clean_cache': False, 'cmake_clean_first': False, 'cmake_force_configure': False, 'cmake_target': None, 'cmake_target_skip_unavailable': False, 'install_base': '/home/ymz/Codes/2025-vision-training/YeMingzhe/hw_4/division_topic/install/custom_interfaces', 'merge_install': False, 'path': '/home/ymz/Codes/2025-vision-training/YeMingzhe/hw_4/division_topic/src/custom_interfaces', 'symlink_install': False, 'test_result_base': None}
[0.372s] INFO:colcon.colcon_core.executor:Executing jobs using 'parallel' executor
[0.373s] DEBUG:colcon.colcon_parallel_executor.executor.parallel:run_until_complete
[0.374s] INFO:colcon.colcon_ros.task.ament_cmake.build:Building ROS package in '/home/ymz/Codes/2025-vision-training/YeMingzhe/hw_4/division_topic/src/custom_interfaces' with build type 'ament_cmake'
[0.374s] INFO:colcon.colcon_cmake.task.cmake.build:Building CMake package in '/home/ymz/Codes/2025-vision-training/YeMingzhe/hw_4/division_topic/src/custom_interfaces'
[0.377s] INFO:colcon.colcon_core.plugin_system:Skipping extension 'colcon_core.shell.bat': Not used on non-Windows systems
[0.377s] INFO:colcon.colcon_core.shell:Skip shell extension 'powershell' for command environment: Not usable outside of PowerShell
[0.377s] DEBUG:colcon.colcon_core.shell:Skip shell extension 'dsv' for command environment
[0.393s] DEBUG:colcon.colcon_core.event_handler.log_command:Invoking command in '/home/ymz/Codes/2025-vision-training/YeMingzhe/hw_4/division_topic/build/custom_interfaces': CMAKE_PREFIX_PATH=${CMAKE_PREFIX_PATH}:/opt/ros/humble /usr/bin/cmake /home/ymz/Codes/2025-vision-training/YeMingzhe/hw_4/division_topic/src/custom_interfaces -DCMAKE_INSTALL_PREFIX=/home/ymz/Codes/2025-vision-training/YeMingzhe/hw_4/division_topic/install/custom_interfaces
[3.111s] DEBUG:colcon.colcon_core.event_handler.log_command:Invoked command in '/home/ymz/Codes/2025-vision-training/YeMingzhe/hw_4/division_topic/build/custom_interfaces' returned '0': CMAKE_PREFIX_PATH=${CMAKE_PREFIX_PATH}:/opt/ros/humble /usr/bin/cmake /home/ymz/Codes/2025-vision-training/YeMingzhe/hw_4/division_topic/src/custom_interfaces -DCMAKE_INSTALL_PREFIX=/home/ymz/Codes/2025-vision-training/YeMingzhe/hw_4/division_topic/install/custom_interfaces
[3.115s] DEBUG:colcon.colcon_core.event_handler.log_command:Invoking command in '/home/ymz/Codes/2025-vision-training/YeMingzhe/hw_4/division_topic/build/custom_interfaces': CMAKE_PREFIX_PATH=${CMAKE_PREFIX_PATH}:/opt/ros/humble /usr/bin/cmake --build /home/ymz/Codes/2025-vision-training/YeMingzhe/hw_4/division_topic/build/custom_interfaces -- -j4 -l4
[5.877s] DEBUG:colcon.colcon_core.event_handler.log_command:Invoked command in '/home/ymz/Codes/2025-vision-training/YeMingzhe/hw_4/division_topic/build/custom_interfaces' returned '0': CMAKE_PREFIX_PATH=${CMAKE_PREFIX_PATH}:/opt/ros/humble /usr/bin/cmake --build /home/ymz/Codes/2025-vision-training/YeMingzhe/hw_4/division_topic/build/custom_interfaces -- -j4 -l4
[6.098s] DEBUG:colcon.colcon_core.event_handler.log_command:Invoking command in '/home/ymz/Codes/2025-vision-training/YeMingzhe/hw_4/division_topic/build/custom_interfaces': CMAKE_PREFIX_PATH=${CMAKE_PREFIX_PATH}:/opt/ros/humble /usr/bin/cmake --install /home/ymz/Codes/2025-vision-training/YeMingzhe/hw_4/division_topic/build/custom_interfaces
[6.212s] Level 1:colcon.colcon_core.environment:create_environment_scripts_only(custom_interfaces)
[6.212s] DEBUG:colcon.colcon_core.event_handler.log_command:Invoked command in '/home/ymz/Codes/2025-vision-training/YeMingzhe/hw_4/division_topic/build/custom_interfaces' returned '0': CMAKE_PREFIX_PATH=${CMAKE_PREFIX_PATH}:/opt/ros/humble /usr/bin/cmake --install /home/ymz/Codes/2025-vision-training/YeMingzhe/hw_4/division_topic/build/custom_interfaces
[6.215s] Level 1:colcon.colcon_core.environment:checking '/home/ymz/Codes/2025-vision-training/YeMingzhe/hw_4/division_topic/install/custom_interfaces' for CMake module files
[6.216s] Level 1:colcon.colcon_core.environment:checking '/home/ymz/Codes/2025-vision-training/YeMingzhe/hw_4/division_topic/install/custom_interfaces' for CMake config files
[6.217s] Level 1:colcon.colcon_core.shell:create_environment_hook('custom_interfaces', 'cmake_prefix_path')
[6.217s] INFO:colcon.colcon_core.shell:Creating environment hook '/home/ymz/Codes/2025-vision-training/YeMingzhe/hw_4/division_topic/install/custom_interfaces/share/custom_interfaces/hook/cmake_prefix_path.ps1'
[6.218s] INFO:colcon.colcon_core.shell:Creating environment descriptor '/home/ymz/Codes/2025-vision-training/YeMingzhe/hw_4/division_topic/install/custom_interfaces/share/custom_interfaces/hook/cmake_prefix_path.dsv'
[6.218s] INFO:colcon.colcon_core.shell:Creating environment hook '/home/ymz/Codes/2025-vision-training/YeMingzhe/hw_4/division_topic/install/custom_interfaces/share/custom_interfaces/hook/cmake_prefix_path.sh'
[6.219s] Level 1:colcon.colcon_core.environment:checking '/home/ymz/Codes/2025-vision-training/YeMingzhe/hw_4/division_topic/install/custom_interfaces/lib'
[6.219s] Level 1:colcon.colcon_core.shell:create_environment_hook('custom_interfaces', 'ld_library_path_lib')
[6.219s] INFO:colcon.colcon_core.shell:Creating environment hook '/home/ymz/Codes/2025-vision-training/YeMingzhe/hw_4/division_topic/install/custom_interfaces/share/custom_interfaces/hook/ld_library_path_lib.ps1'
[6.219s] INFO:colcon.colcon_core.shell:Creating environment descriptor '/home/ymz/Codes/2025-vision-training/YeMingzhe/hw_4/division_topic/install/custom_interfaces/share/custom_interfaces/hook/ld_library_path_lib.dsv'
[6.220s] INFO:colcon.colcon_core.shell:Creating environment hook '/home/ymz/Codes/2025-vision-training/YeMingzhe/hw_4/division_topic/install/custom_interfaces/share/custom_interfaces/hook/ld_library_path_lib.sh'
[6.220s] Level 1:colcon.colcon_core.environment:checking '/home/ymz/Codes/2025-vision-training/YeMingzhe/hw_4/division_topic/install/custom_interfaces/bin'
[6.220s] Level 1:colcon.colcon_core.environment:checking '/home/ymz/Codes/2025-vision-training/YeMingzhe/hw_4/division_topic/install/custom_interfaces/lib/pkgconfig/custom_interfaces.pc'
[6.220s] Level 1:colcon.colcon_core.environment:checking '/home/ymz/Codes/2025-vision-training/YeMingzhe/hw_4/division_topic/install/custom_interfaces/lib/python3.10/site-packages'
[6.220s] Level 1:colcon.colcon_core.environment:checking '/home/ymz/Codes/2025-vision-training/YeMingzhe/hw_4/division_topic/install/custom_interfaces/bin'
[6.220s] INFO:colcon.colcon_core.shell:Creating package script '/home/ymz/Codes/2025-vision-training/YeMingzhe/hw_4/division_topic/install/custom_interfaces/share/custom_interfaces/package.ps1'
[6.221s] INFO:colcon.colcon_core.shell:Creating package descriptor '/home/ymz/Codes/2025-vision-training/YeMingzhe/hw_4/division_topic/install/custom_interfaces/share/custom_interfaces/package.dsv'
[6.222s] INFO:colcon.colcon_core.shell:Creating package script '/home/ymz/Codes/2025-vision-training/YeMingzhe/hw_4/division_topic/install/custom_interfaces/share/custom_interfaces/package.sh'
[6.222s] INFO:colcon.colcon_core.shell:Creating package script '/home/ymz/Codes/2025-vision-training/YeMingzhe/hw_4/division_topic/install/custom_interfaces/share/custom_interfaces/package.bash'
[6.223s] INFO:colcon.colcon_core.shell:Creating package script '/home/ymz/Codes/2025-vision-training/YeMingzhe/hw_4/division_topic/install/custom_interfaces/share/custom_interfaces/package.zsh'
[6.223s] Level 1:colcon.colcon_core.environment:create_file_with_runtime_dependencies(/home/ymz/Codes/2025-vision-training/YeMingzhe/hw_4/division_topic/install/custom_interfaces/share/colcon-core/packages/custom_interfaces)
[6.424s] Level 1:colcon.colcon_core.environment:create_environment_scripts_only(custom_interfaces)
[6.425s] Level 1:colcon.colcon_core.environment:checking '/home/ymz/Codes/2025-vision-training/YeMingzhe/hw_4/division_topic/install/custom_interfaces' for CMake module files
[6.426s] Level 1:colcon.colcon_core.environment:checking '/home/ymz/Codes/2025-vision-training/YeMingzhe/hw_4/division_topic/install/custom_interfaces' for CMake config files
[6.426s] Level 1:colcon.colcon_core.shell:create_environment_hook('custom_interfaces', 'cmake_prefix_path')
[6.427s] INFO:colcon.colcon_core.shell:Creating environment hook '/home/ymz/Codes/2025-vision-training/YeMingzhe/hw_4/division_topic/install/custom_interfaces/share/custom_interfaces/hook/cmake_prefix_path.ps1'
[6.427s] INFO:colcon.colcon_core.shell:Creating environment descriptor '/home/ymz/Codes/2025-vision-training/YeMingzhe/hw_4/division_topic/install/custom_interfaces/share/custom_interfaces/hook/cmake_prefix_path.dsv'
[6.428s] INFO:colcon.colcon_core.shell:Creating environment hook '/home/ymz/Codes/2025-vision-training/YeMingzhe/hw_4/division_topic/install/custom_interfaces/share/custom_interfaces/hook/cmake_prefix_path.sh'
[6.428s] Level 1:colcon.colcon_core.environment:checking '/home/ymz/Codes/2025-vision-training/YeMingzhe/hw_4/division_topic/install/custom_interfaces/lib'
[6.428s] Level 1:colcon.colcon_core.shell:create_environment_hook('custom_interfaces', 'ld_library_path_lib')
[6.428s] INFO:colcon.colcon_core.shell:Creating environment hook '/home/ymz/Codes/2025-vision-training/YeMingzhe/hw_4/division_topic/install/custom_interfaces/share/custom_interfaces/hook/ld_library_path_lib.ps1'
[6.429s] INFO:colcon.colcon_core.shell:Creating environment descriptor '/home/ymz/Codes/2025-vision-training/YeMingzhe/hw_4/division_topic/install/custom_interfaces/share/custom_interfaces/hook/ld_library_path_lib.dsv'
[6.429s] INFO:colcon.colcon_core.shell:Creating environment hook '/home/ymz/Codes/2025-vision-training/YeMingzhe/hw_4/division_topic/install/custom_interfaces/share/custom_interfaces/hook/ld_library_path_lib.sh'
[6.430s] Level 1:colcon.colcon_core.environment:checking '/home/ymz/Codes/2025-vision-training/YeMingzhe/hw_4/division_topic/install/custom_interfaces/bin'
[6.430s] Level 1:colcon.colcon_core.environment:checking '/home/ymz/Codes/2025-vision-training/YeMingzhe/hw_4/division_topic/install/custom_interfaces/lib/pkgconfig/custom_interfaces.pc'
[6.430s] Level 1:colcon.colcon_core.environment:checking '/home/ymz/Codes/2025-vision-training/YeMingzhe/hw_4/division_topic/install/custom_interfaces/lib/python3.10/site-packages'
[6.430s] Level 1:colcon.colcon_core.environment:checking '/home/ymz/Codes/2025-vision-training/YeMingzhe/hw_4/division_topic/install/custom_interfaces/bin'
[6.430s] INFO:colcon.colcon_core.shell:Creating package script '/home/ymz/Codes/2025-vision-training/YeMingzhe/hw_4/division_topic/install/custom_interfaces/share/custom_interfaces/package.ps1'
[6.431s] INFO:colcon.colcon_core.shell:Creating package descriptor '/home/ymz/Codes/2025-vision-training/YeMingzhe/hw_4/division_topic/install/custom_interfaces/share/custom_interfaces/package.dsv'
[6.431s] INFO:colcon.colcon_core.shell:Creating package script '/home/ymz/Codes/2025-vision-training/YeMingzhe/hw_4/division_topic/install/custom_interfaces/share/custom_interfaces/package.sh'
[6.432s] INFO:colcon.colcon_core.shell:Creating package script '/home/ymz/Codes/2025-vision-training/YeMingzhe/hw_4/division_topic/install/custom_interfaces/share/custom_interfaces/package.bash'
[6.432s] INFO:colcon.colcon_core.shell:Creating package script '/home/ymz/Codes/2025-vision-training/YeMingzhe/hw_4/division_topic/install/custom_interfaces/share/custom_interfaces/package.zsh'
[6.433s] Level 1:colcon.colcon_core.environment:create_file_with_runtime_dependencies(/home/ymz/Codes/2025-vision-training/YeMingzhe/hw_4/division_topic/install/custom_interfaces/share/colcon-core/packages/custom_interfaces)
[6.433s] DEBUG:colcon.colcon_parallel_executor.executor.parallel:closing loop
[6.433s] DEBUG:colcon.colcon_parallel_executor.executor.parallel:loop closed
[6.433s] DEBUG:colcon.colcon_parallel_executor.executor.parallel:run_until_complete finished with '0'
[6.433s] DEBUG:colcon.colcon_core.event_reactor:joining thread
[6.440s] INFO:colcon.colcon_core.plugin_system:Skipping extension 'colcon_notification.desktop_notification.terminal_notifier': Not used on non-Darwin systems
[6.440s] INFO:colcon.colcon_core.plugin_system:Skipping extension 'colcon_notification.desktop_notification.win32': Not used on non-Windows systems
[6.440s] INFO:colcon.colcon_notification.desktop_notification:Sending desktop notification using 'notify2'
[6.457s] DEBUG:colcon.colcon_core.event_reactor:joined thread
[6.457s] INFO:colcon.colcon_core.shell:Creating prefix script '/home/ymz/Codes/2025-vision-training/YeMingzhe/hw_4/division_topic/install/local_setup.ps1'
[6.458s] INFO:colcon.colcon_core.shell:Creating prefix util module '/home/ymz/Codes/2025-vision-training/YeMingzhe/hw_4/division_topic/install/_local_setup_util_ps1.py'
[6.459s] INFO:colcon.colcon_core.shell:Creating prefix chain script '/home/ymz/Codes/2025-vision-training/YeMingzhe/hw_4/division_topic/install/setup.ps1'
[6.460s] INFO:colcon.colcon_core.shell:Creating prefix script '/home/ymz/Codes/2025-vision-training/YeMingzhe/hw_4/division_topic/install/local_setup.sh'
[6.461s] INFO:colcon.colcon_core.shell:Creating prefix util module '/home/ymz/Codes/2025-vision-training/YeMingzhe/hw_4/division_topic/install/_local_setup_util_sh.py'
[6.462s] INFO:colcon.colcon_core.shell:Creating prefix chain script '/home/ymz/Codes/2025-vision-training/YeMingzhe/hw_4/division_topic/install/setup.sh'
[6.463s] INFO:colcon.colcon_core.shell:Creating prefix script '/home/ymz/Codes/2025-vision-training/YeMingzhe/hw_4/division_topic/install/local_setup.bash'
[6.463s] INFO:colcon.colcon_core.shell:Creating prefix chain script '/home/ymz/Codes/2025-vision-training/YeMingzhe/hw_4/division_topic/install/setup.bash'
[6.464s] INFO:colcon.colcon_core.shell:Creating prefix script '/home/ymz/Codes/2025-vision-training/YeMingzhe/hw_4/division_topic/install/local_setup.zsh'
[6.465s] INFO:colcon.colcon_core.shell:Creating prefix chain script '/home/ymz/Codes/2025-vision-training/YeMingzhe/hw_4/division_topic/install/setup.zsh'
