[0.113s] DEBUG:colcon:Command line arguments: ['/usr/bin/colcon', 'build', '--packages-select', 'example_service_rclcpp']
[0.113s] DEBUG:colcon:Parsed command line arguments: Namespace(log_base=None, log_level=None, verb_name='build', build_base='build', install_base='install', merge_install=False, symlink_install=False, test_result_base=None, continue_on_error=False, executor='parallel', parallel_workers=4, event_handlers=None, ignore_user_meta=False, metas=['./colcon.meta'], base_paths=['.'], packages_ignore=None, packages_ignore_regex=None, paths=None, packages_up_to=None, packages_up_to_regex=None, packages_above=None, packages_above_and_dependencies=None, packages_above_depth=None, packages_select_by_dep=None, packages_skip_by_dep=None, packages_skip_up_to=None, packages_select_build_failed=False, packages_skip_build_finished=False, packages_select_test_failures=False, packages_skip_test_passed=False, packages_select=['example_service_rclcpp'], packages_skip=None, packages_select_regex=None, packages_skip_regex=None, packages_start=None, packages_end=None, allow_overriding=[], cmake_args=None, cmake_target=None, cmake_target_skip_unavailable=False, cmake_clean_cache=False, cmake_clean_first=False, cmake_force_configure=False, ament_cmake_args=None, catkin_cmake_args=None, catkin_skip_building_tests=False, verb_parser=<colcon_defaults.argument_parser.defaults.DefaultArgumentsDecorator object at 0x75502ff03bb0>, verb_extension=<colcon_core.verb.build.BuildVerb object at 0x7550300a98d0>, main=<bound method BuildVerb.main of <colcon_core.verb.build.BuildVerb object at 0x7550300a98d0>>)
[0.289s] Level 1:colcon.colcon_core.package_discovery:discover_packages(colcon_meta) check parameters
[0.289s] Level 1:colcon.colcon_core.package_discovery:discover_packages(recursive) check parameters
[0.289s] Level 1:colcon.colcon_core.package_discovery:discover_packages(ignore) check parameters
[0.289s] Level 1:colcon.colcon_core.package_discovery:discover_packages(path) check parameters
[0.289s] Level 1:colcon.colcon_core.package_discovery:discover_packages(colcon_meta) discover
[0.289s] Level 1:colcon.colcon_core.package_discovery:discover_packages(recursive) discover
[0.289s] INFO:colcon.colcon_core.package_discovery:Crawling recursively for packages in '/home/ymz/Codes/2025-vision-training/YeMingzhe/hw_4/division_topic'
[0.289s] Level 1:colcon.colcon_core.package_identification:_identify(.) by extensions ['ignore', 'ignore_ament_install']
[0.290s] Level 1:colcon.colcon_core.package_identification:_identify(.) by extension 'ignore'
[0.290s] Level 1:colcon.colcon_core.package_identification:_identify(.) by extension 'ignore_ament_install'
[0.290s] Level 1:colcon.colcon_core.package_identification:_identify(.) by extensions ['colcon_pkg']
[0.290s] Level 1:colcon.colcon_core.package_identification:_identify(.) by extension 'colcon_pkg'
[0.290s] Level 1:colcon.colcon_core.package_identification:_identify(.) by extensions ['colcon_meta']
[0.290s] Level 1:colcon.colcon_core.package_identification:_identify(.) by extension 'colcon_meta'
[0.290s] Level 1:colcon.colcon_core.package_identification:_identify(.) by extensions ['ros']
[0.290s] Level 1:colcon.colcon_core.package_identification:_identify(.) by extension 'ros'
[0.301s] Level 1:colcon.colcon_core.package_identification:_identify(.) by extensions ['cmake', 'python']
[0.301s] Level 1:colcon.colcon_core.package_identification:_identify(.) by extension 'cmake'
[0.301s] Level 1:colcon.colcon_core.package_identification:_identify(.) by extension 'python'
[0.301s] Level 1:colcon.colcon_core.package_identification:_identify(.) by extensions ['python_setup_py']
[0.301s] Level 1:colcon.colcon_core.package_identification:_identify(.) by extension 'python_setup_py'
[0.302s] Level 1:colcon.colcon_core.package_identification:_identify(build) by extensions ['ignore', 'ignore_ament_install']
[0.302s] Level 1:colcon.colcon_core.package_identification:_identify(build) by extension 'ignore'
[0.302s] Level 1:colcon.colcon_core.package_identification:_identify(build) ignored
[0.302s] Level 1:colcon.colcon_core.package_identification:_identify(install) by extensions ['ignore', 'ignore_ament_install']
[0.302s] Level 1:colcon.colcon_core.package_identification:_identify(install) by extension 'ignore'
[0.302s] Level 1:colcon.colcon_core.package_identification:_identify(install) ignored
[0.302s] Level 1:colcon.colcon_core.package_identification:_identify(log) by extensions ['ignore', 'ignore_ament_install']
[0.302s] Level 1:colcon.colcon_core.package_identification:_identify(log) by extension 'ignore'
[0.302s] Level 1:colcon.colcon_core.package_identification:_identify(log) ignored
[0.302s] Level 1:colcon.colcon_core.package_identification:_identify(src) by extensions ['ignore', 'ignore_ament_install']
[0.303s] Level 1:colcon.colcon_core.package_identification:_identify(src) by extension 'ignore'
[0.303s] Level 1:colcon.colcon_core.package_identification:_identify(src) by extension 'ignore_ament_install'
[0.303s] Level 1:colcon.colcon_core.package_identification:_identify(src) by extensions ['colcon_pkg']
[0.303s] Level 1:colcon.colcon_core.package_identification:_identify(src) by extension 'colcon_pkg'
[0.303s] Level 1:colcon.colcon_core.package_identification:_identify(src) by extensions ['colcon_meta']
[0.303s] Level 1:colcon.colcon_core.package_identification:_identify(src) by extension 'colcon_meta'
[0.303s] Level 1:colcon.colcon_core.package_identification:_identify(src) by extensions ['ros']
[0.303s] Level 1:colcon.colcon_core.package_identification:_identify(src) by extension 'ros'
[0.303s] Level 1:colcon.colcon_core.package_identification:_identify(src) by extensions ['cmake', 'python']
[0.303s] Level 1:colcon.colcon_core.package_identification:_identify(src) by extension 'cmake'
[0.303s] Level 1:colcon.colcon_core.package_identification:_identify(src) by extension 'python'
[0.303s] Level 1:colcon.colcon_core.package_identification:_identify(src) by extensions ['python_setup_py']
[0.303s] Level 1:colcon.colcon_core.package_identification:_identify(src) by extension 'python_setup_py'
[0.303s] Level 1:colcon.colcon_core.package_identification:_identify(src/custom_interfaces) by extensions ['ignore', 'ignore_ament_install']
[0.303s] Level 1:colcon.colcon_core.package_identification:_identify(src/custom_interfaces) by extension 'ignore'
[0.303s] Level 1:colcon.colcon_core.package_identification:_identify(src/custom_interfaces) by extension 'ignore_ament_install'
[0.304s] Level 1:colcon.colcon_core.package_identification:_identify(src/custom_interfaces) by extensions ['colcon_pkg']
[0.304s] Level 1:colcon.colcon_core.package_identification:_identify(src/custom_interfaces) by extension 'colcon_pkg'
[0.304s] Level 1:colcon.colcon_core.package_identification:_identify(src/custom_interfaces) by extensions ['colcon_meta']
[0.304s] Level 1:colcon.colcon_core.package_identification:_identify(src/custom_interfaces) by extension 'colcon_meta'
[0.304s] Level 1:colcon.colcon_core.package_identification:_identify(src/custom_interfaces) by extensions ['ros']
[0.304s] Level 1:colcon.colcon_core.package_identification:_identify(src/custom_interfaces) by extension 'ros'
[0.306s] DEBUG:colcon.colcon_core.package_identification:Package 'src/custom_interfaces' with type 'ros.ament_cmake' and name 'custom_interfaces'
[0.306s] Level 1:colcon.colcon_core.package_identification:_identify(src/example_service_rclcpp) by extensions ['ignore', 'ignore_ament_install']
[0.306s] Level 1:colcon.colcon_core.package_identification:_identify(src/example_service_rclcpp) by extension 'ignore'
[0.307s] Level 1:colcon.colcon_core.package_identification:_identify(src/example_service_rclcpp) by extension 'ignore_ament_install'
[0.307s] Level 1:colcon.colcon_core.package_identification:_identify(src/example_service_rclcpp) by extensions ['colcon_pkg']
[0.307s] Level 1:colcon.colcon_core.package_identification:_identify(src/example_service_rclcpp) by extension 'colcon_pkg'
[0.307s] Level 1:colcon.colcon_core.package_identification:_identify(src/example_service_rclcpp) by extensions ['colcon_meta']
[0.308s] Level 1:colcon.colcon_core.package_identification:_identify(src/example_service_rclcpp) by extension 'colcon_meta'
[0.308s] Level 1:colcon.colcon_core.package_identification:_identify(src/example_service_rclcpp) by extensions ['ros']
[0.308s] Level 1:colcon.colcon_core.package_identification:_identify(src/example_service_rclcpp) by extension 'ros'
[0.308s] DEBUG:colcon.colcon_core.package_identification:Package 'src/example_service_rclcpp' with type 'ros.ament_cmake' and name 'example_service_rclcpp'
[0.308s] Level 1:colcon.colcon_core.package_discovery:discover_packages(recursive) using defaults
[0.308s] Level 1:colcon.colcon_core.package_discovery:discover_packages(ignore) discover
[0.308s] Level 1:colcon.colcon_core.package_discovery:discover_packages(ignore) using defaults
[0.308s] Level 1:colcon.colcon_core.package_discovery:discover_packages(path) discover
[0.308s] Level 1:colcon.colcon_core.package_discovery:discover_packages(path) using defaults
[0.326s] INFO:colcon.colcon_core.package_selection:Skipping not selected package 'custom_interfaces' in 'src/custom_interfaces'
[0.327s] Level 1:colcon.colcon_core.package_discovery:discover_packages(prefix_path) check parameters
[0.327s] Level 1:colcon.colcon_core.package_discovery:discover_packages(prefix_path) discover
[0.328s] WARNING:colcon.colcon_core.prefix_path.colcon:The path '/home/ymz/Codes/ros2_learning/chapt3/chapt3_ws/install' in the environment variable COLCON_PREFIX_PATH doesn't exist
[0.328s] WARNING:colcon.colcon_ros.prefix_path.ament:The path '/home/ymz/Codes/ros2_learning/chapt3/chapt3_ws/install/example_topic_rclcpp' in the environment variable AMENT_PREFIX_PATH doesn't exist
[0.328s] WARNING:colcon.colcon_ros.prefix_path.ament:The path '/home/ymz/Codes/ros2_learning/chapt3/chapt3_ws/install/example_service_rclcpp' in the environment variable AMENT_PREFIX_PATH doesn't exist
[0.329s] WARNING:colcon.colcon_ros.prefix_path.catkin:The path '/home/ymz/Codes/ros2_learning/chapt3/chapt3_ws/install/example_topic_rclcpp' in the environment variable CMAKE_PREFIX_PATH doesn't exist
[0.329s] WARNING:colcon.colcon_ros.prefix_path.catkin:The path '/home/ymz/Codes/ros2_learning/chapt3/chapt3_ws/install/example_service_rclcpp' in the environment variable CMAKE_PREFIX_PATH doesn't exist
[0.330s] DEBUG:colcon.colcon_installed_package_information.package_discovery:Found 2 installed packages in /home/ymz/Codes/2025-vision-training/YeMingzhe/hw_4/division_topic/install
[0.332s] DEBUG:colcon.colcon_installed_package_information.package_discovery:Found 270 installed packages in /opt/ros/humble
[0.333s] Level 1:colcon.colcon_core.package_discovery:discover_packages(prefix_path) using defaults
[0.391s] Level 5:colcon.colcon_core.verb:set package 'example_service_rclcpp' build argument 'cmake_args' from command line to 'None'
[0.392s] Level 5:colcon.colcon_core.verb:set package 'example_service_rclcpp' build argument 'cmake_target' from command line to 'None'
[0.392s] Level 5:colcon.colcon_core.verb:set package 'example_service_rclcpp' build argument 'cmake_target_skip_unavailable' from command line to 'False'
[0.392s] Level 5:colcon.colcon_core.verb:set package 'example_service_rclcpp' build argument 'cmake_clean_cache' from command line to 'False'
[0.392s] Level 5:colcon.colcon_core.verb:set package 'example_service_rclcpp' build argument 'cmake_clean_first' from command line to 'False'
[0.392s] Level 5:colcon.colcon_core.verb:set package 'example_service_rclcpp' build argument 'cmake_force_configure' from command line to 'False'
[0.392s] Level 5:colcon.colcon_core.verb:set package 'example_service_rclcpp' build argument 'ament_cmake_args' from command line to 'None'
[0.392s] Level 5:colcon.colcon_core.verb:set package 'example_service_rclcpp' build argument 'catkin_cmake_args' from command line to 'None'
[0.392s] Level 5:colcon.colcon_core.verb:set package 'example_service_rclcpp' build argument 'catkin_skip_building_tests' from command line to 'False'
[0.392s] DEBUG:colcon.colcon_core.verb:Building package 'example_service_rclcpp' with the following arguments: {'ament_cmake_args': None, 'build_base': '/home/ymz/Codes/2025-vision-training/YeMingzhe/hw_4/division_topic/build/example_service_rclcpp', 'catkin_cmake_args': None, 'catkin_skip_building_tests': False, 'cmake_args': None, 'cmake_clean_cache': False, 'cmake_clean_first': False, 'cmake_force_configure': False, 'cmake_target': None, 'cmake_target_skip_unavailable': False, 'install_base': '/home/ymz/Codes/2025-vision-training/YeMingzhe/hw_4/division_topic/install/example_service_rclcpp', 'merge_install': False, 'path': '/home/ymz/Codes/2025-vision-training/YeMingzhe/hw_4/division_topic/src/example_service_rclcpp', 'symlink_install': False, 'test_result_base': None}
[0.392s] INFO:colcon.colcon_core.executor:Executing jobs using 'parallel' executor
[0.393s] DEBUG:colcon.colcon_parallel_executor.executor.parallel:run_until_complete
[0.393s] INFO:colcon.colcon_ros.task.ament_cmake.build:Building ROS package in '/home/ymz/Codes/2025-vision-training/YeMingzhe/hw_4/division_topic/src/example_service_rclcpp' with build type 'ament_cmake'
[0.394s] INFO:colcon.colcon_cmake.task.cmake.build:Building CMake package in '/home/ymz/Codes/2025-vision-training/YeMingzhe/hw_4/division_topic/src/example_service_rclcpp'
[0.396s] INFO:colcon.colcon_core.plugin_system:Skipping extension 'colcon_core.shell.bat': Not used on non-Windows systems
[0.397s] INFO:colcon.colcon_core.shell:Skip shell extension 'powershell' for command environment: Not usable outside of PowerShell
[0.397s] DEBUG:colcon.colcon_core.shell:Skip shell extension 'dsv' for command environment
[0.417s] DEBUG:colcon.colcon_core.event_handler.log_command:Invoking command in '/home/ymz/Codes/2025-vision-training/YeMingzhe/hw_4/division_topic/build/example_service_rclcpp': CMAKE_PREFIX_PATH=/home/ymz/Codes/2025-vision-training/YeMingzhe/hw_4/division_topic/install/custom_interfaces:/home/ymz/Codes/2025-vision-training/YeMingzhe/hw_4/division_topic/install/example_service_rclcpp:/home/ymz/Codes/ros2_learning/chapt3/chapt3_ws/install/example_topic_rclcpp:/home/ymz/Codes/ros2_learning/chapt3/chapt3_ws/install/example_service_rclcpp:/opt/ros/humble /usr/bin/cmake --build /home/ymz/Codes/2025-vision-training/YeMingzhe/hw_4/division_topic/build/example_service_rclcpp -- -j4 -l4
[5.044s] DEBUG:colcon.colcon_core.event_handler.log_command:Invoked command in '/home/ymz/Codes/2025-vision-training/YeMingzhe/hw_4/division_topic/build/example_service_rclcpp' returned '0': CMAKE_PREFIX_PATH=/home/ymz/Codes/2025-vision-training/YeMingzhe/hw_4/division_topic/install/custom_interfaces:/home/ymz/Codes/2025-vision-training/YeMingzhe/hw_4/division_topic/install/example_service_rclcpp:/home/ymz/Codes/ros2_learning/chapt3/chapt3_ws/install/example_topic_rclcpp:/home/ymz/Codes/ros2_learning/chapt3/chapt3_ws/install/example_service_rclcpp:/opt/ros/humble /usr/bin/cmake --build /home/ymz/Codes/2025-vision-training/YeMingzhe/hw_4/division_topic/build/example_service_rclcpp -- -j4 -l4
[5.153s] DEBUG:colcon.colcon_core.event_handler.log_command:Invoking command in '/home/ymz/Codes/2025-vision-training/YeMingzhe/hw_4/division_topic/build/example_service_rclcpp': CMAKE_PREFIX_PATH=/home/ymz/Codes/2025-vision-training/YeMingzhe/hw_4/division_topic/install/custom_interfaces:/home/ymz/Codes/2025-vision-training/YeMingzhe/hw_4/division_topic/install/example_service_rclcpp:/home/ymz/Codes/ros2_learning/chapt3/chapt3_ws/install/example_topic_rclcpp:/home/ymz/Codes/ros2_learning/chapt3/chapt3_ws/install/example_service_rclcpp:/opt/ros/humble /usr/bin/cmake --install /home/ymz/Codes/2025-vision-training/YeMingzhe/hw_4/division_topic/build/example_service_rclcpp
[5.179s] Level 1:colcon.colcon_core.environment:create_environment_scripts_only(example_service_rclcpp)
[5.180s] DEBUG:colcon.colcon_core.event_handler.log_command:Invoked command in '/home/ymz/Codes/2025-vision-training/YeMingzhe/hw_4/division_topic/build/example_service_rclcpp' returned '0': CMAKE_PREFIX_PATH=/home/ymz/Codes/2025-vision-training/YeMingzhe/hw_4/division_topic/install/custom_interfaces:/home/ymz/Codes/2025-vision-training/YeMingzhe/hw_4/division_topic/install/example_service_rclcpp:/home/ymz/Codes/ros2_learning/chapt3/chapt3_ws/install/example_topic_rclcpp:/home/ymz/Codes/ros2_learning/chapt3/chapt3_ws/install/example_service_rclcpp:/opt/ros/humble /usr/bin/cmake --install /home/ymz/Codes/2025-vision-training/YeMingzhe/hw_4/division_topic/build/example_service_rclcpp
[5.183s] Level 1:colcon.colcon_core.environment:checking '/home/ymz/Codes/2025-vision-training/YeMingzhe/hw_4/division_topic/install/example_service_rclcpp' for CMake module files
[5.184s] Level 1:colcon.colcon_core.environment:checking '/home/ymz/Codes/2025-vision-training/YeMingzhe/hw_4/division_topic/install/example_service_rclcpp' for CMake config files
[5.184s] Level 1:colcon.colcon_core.shell:create_environment_hook('example_service_rclcpp', 'cmake_prefix_path')
[5.184s] INFO:colcon.colcon_core.shell:Creating environment hook '/home/ymz/Codes/2025-vision-training/YeMingzhe/hw_4/division_topic/install/example_service_rclcpp/share/example_service_rclcpp/hook/cmake_prefix_path.ps1'
[5.185s] INFO:colcon.colcon_core.shell:Creating environment descriptor '/home/ymz/Codes/2025-vision-training/YeMingzhe/hw_4/division_topic/install/example_service_rclcpp/share/example_service_rclcpp/hook/cmake_prefix_path.dsv'
[5.186s] INFO:colcon.colcon_core.shell:Creating environment hook '/home/ymz/Codes/2025-vision-training/YeMingzhe/hw_4/division_topic/install/example_service_rclcpp/share/example_service_rclcpp/hook/cmake_prefix_path.sh'
[5.187s] Level 1:colcon.colcon_core.environment:checking '/home/ymz/Codes/2025-vision-training/YeMingzhe/hw_4/division_topic/install/example_service_rclcpp/lib'
[5.187s] Level 1:colcon.colcon_core.environment:checking '/home/ymz/Codes/2025-vision-training/YeMingzhe/hw_4/division_topic/install/example_service_rclcpp/bin'
[5.187s] Level 1:colcon.colcon_core.environment:checking '/home/ymz/Codes/2025-vision-training/YeMingzhe/hw_4/division_topic/install/example_service_rclcpp/lib/pkgconfig/example_service_rclcpp.pc'
[5.187s] Level 1:colcon.colcon_core.environment:checking '/home/ymz/Codes/2025-vision-training/YeMingzhe/hw_4/division_topic/install/example_service_rclcpp/lib/python3.10/site-packages'
[5.188s] Level 1:colcon.colcon_core.environment:checking '/home/ymz/Codes/2025-vision-training/YeMingzhe/hw_4/division_topic/install/example_service_rclcpp/bin'
[5.188s] INFO:colcon.colcon_core.shell:Creating package script '/home/ymz/Codes/2025-vision-training/YeMingzhe/hw_4/division_topic/install/example_service_rclcpp/share/example_service_rclcpp/package.ps1'
[5.189s] INFO:colcon.colcon_core.shell:Creating package descriptor '/home/ymz/Codes/2025-vision-training/YeMingzhe/hw_4/division_topic/install/example_service_rclcpp/share/example_service_rclcpp/package.dsv'
[5.189s] INFO:colcon.colcon_core.shell:Creating package script '/home/ymz/Codes/2025-vision-training/YeMingzhe/hw_4/division_topic/install/example_service_rclcpp/share/example_service_rclcpp/package.sh'
[5.190s] INFO:colcon.colcon_core.shell:Creating package script '/home/ymz/Codes/2025-vision-training/YeMingzhe/hw_4/division_topic/install/example_service_rclcpp/share/example_service_rclcpp/package.bash'
[5.191s] INFO:colcon.colcon_core.shell:Creating package script '/home/ymz/Codes/2025-vision-training/YeMingzhe/hw_4/division_topic/install/example_service_rclcpp/share/example_service_rclcpp/package.zsh'
[5.191s] Level 1:colcon.colcon_core.environment:create_file_with_runtime_dependencies(/home/ymz/Codes/2025-vision-training/YeMingzhe/hw_4/division_topic/install/example_service_rclcpp/share/colcon-core/packages/example_service_rclcpp)
[5.281s] Level 1:colcon.colcon_core.environment:create_environment_scripts_only(example_service_rclcpp)
[5.282s] Level 1:colcon.colcon_core.environment:checking '/home/ymz/Codes/2025-vision-training/YeMingzhe/hw_4/division_topic/install/example_service_rclcpp' for CMake module files
[5.282s] Level 1:colcon.colcon_core.environment:checking '/home/ymz/Codes/2025-vision-training/YeMingzhe/hw_4/division_topic/install/example_service_rclcpp' for CMake config files
[5.283s] Level 1:colcon.colcon_core.shell:create_environment_hook('example_service_rclcpp', 'cmake_prefix_path')
[5.283s] INFO:colcon.colcon_core.shell:Creating environment hook '/home/ymz/Codes/2025-vision-training/YeMingzhe/hw_4/division_topic/install/example_service_rclcpp/share/example_service_rclcpp/hook/cmake_prefix_path.ps1'
[5.284s] INFO:colcon.colcon_core.shell:Creating environment descriptor '/home/ymz/Codes/2025-vision-training/YeMingzhe/hw_4/division_topic/install/example_service_rclcpp/share/example_service_rclcpp/hook/cmake_prefix_path.dsv'
[5.285s] INFO:colcon.colcon_core.shell:Creating environment hook '/home/ymz/Codes/2025-vision-training/YeMingzhe/hw_4/division_topic/install/example_service_rclcpp/share/example_service_rclcpp/hook/cmake_prefix_path.sh'
[5.285s] Level 1:colcon.colcon_core.environment:checking '/home/ymz/Codes/2025-vision-training/YeMingzhe/hw_4/division_topic/install/example_service_rclcpp/lib'
[5.285s] Level 1:colcon.colcon_core.environment:checking '/home/ymz/Codes/2025-vision-training/YeMingzhe/hw_4/division_topic/install/example_service_rclcpp/bin'
[5.286s] Level 1:colcon.colcon_core.environment:checking '/home/ymz/Codes/2025-vision-training/YeMingzhe/hw_4/division_topic/install/example_service_rclcpp/lib/pkgconfig/example_service_rclcpp.pc'
[5.286s] Level 1:colcon.colcon_core.environment:checking '/home/ymz/Codes/2025-vision-training/YeMingzhe/hw_4/division_topic/install/example_service_rclcpp/lib/python3.10/site-packages'
[5.286s] Level 1:colcon.colcon_core.environment:checking '/home/ymz/Codes/2025-vision-training/YeMingzhe/hw_4/division_topic/install/example_service_rclcpp/bin'
[5.286s] INFO:colcon.colcon_core.shell:Creating package script '/home/ymz/Codes/2025-vision-training/YeMingzhe/hw_4/division_topic/install/example_service_rclcpp/share/example_service_rclcpp/package.ps1'
[5.287s] INFO:colcon.colcon_core.shell:Creating package descriptor '/home/ymz/Codes/2025-vision-training/YeMingzhe/hw_4/division_topic/install/example_service_rclcpp/share/example_service_rclcpp/package.dsv'
[5.288s] INFO:colcon.colcon_core.shell:Creating package script '/home/ymz/Codes/2025-vision-training/YeMingzhe/hw_4/division_topic/install/example_service_rclcpp/share/example_service_rclcpp/package.sh'
[5.288s] INFO:colcon.colcon_core.shell:Creating package script '/home/ymz/Codes/2025-vision-training/YeMingzhe/hw_4/division_topic/install/example_service_rclcpp/share/example_service_rclcpp/package.bash'
[5.289s] INFO:colcon.colcon_core.shell:Creating package script '/home/ymz/Codes/2025-vision-training/YeMingzhe/hw_4/division_topic/install/example_service_rclcpp/share/example_service_rclcpp/package.zsh'
[5.289s] Level 1:colcon.colcon_core.environment:create_file_with_runtime_dependencies(/home/ymz/Codes/2025-vision-training/YeMingzhe/hw_4/division_topic/install/example_service_rclcpp/share/colcon-core/packages/example_service_rclcpp)
[5.290s] DEBUG:colcon.colcon_parallel_executor.executor.parallel:closing loop
[5.290s] DEBUG:colcon.colcon_parallel_executor.executor.parallel:loop closed
[5.290s] DEBUG:colcon.colcon_parallel_executor.executor.parallel:run_until_complete finished with '0'
[5.291s] DEBUG:colcon.colcon_core.event_reactor:joining thread
[5.298s] INFO:colcon.colcon_core.plugin_system:Skipping extension 'colcon_notification.desktop_notification.terminal_notifier': Not used on non-Darwin systems
[5.298s] INFO:colcon.colcon_core.plugin_system:Skipping extension 'colcon_notification.desktop_notification.win32': Not used on non-Windows systems
[5.298s] INFO:colcon.colcon_notification.desktop_notification:Sending desktop notification using 'notify2'
[5.319s] DEBUG:colcon.colcon_core.event_reactor:joined thread
[5.319s] INFO:colcon.colcon_core.shell:Creating prefix script '/home/ymz/Codes/2025-vision-training/YeMingzhe/hw_4/division_topic/install/local_setup.ps1'
[5.321s] INFO:colcon.colcon_core.shell:Creating prefix util module '/home/ymz/Codes/2025-vision-training/YeMingzhe/hw_4/division_topic/install/_local_setup_util_ps1.py'
[5.322s] INFO:colcon.colcon_core.shell:Creating prefix chain script '/home/ymz/Codes/2025-vision-training/YeMingzhe/hw_4/division_topic/install/setup.ps1'
[5.324s] INFO:colcon.colcon_core.shell:Creating prefix script '/home/ymz/Codes/2025-vision-training/YeMingzhe/hw_4/division_topic/install/local_setup.sh'
[5.325s] INFO:colcon.colcon_core.shell:Creating prefix util module '/home/ymz/Codes/2025-vision-training/YeMingzhe/hw_4/division_topic/install/_local_setup_util_sh.py'
[5.326s] INFO:colcon.colcon_core.shell:Creating prefix chain script '/home/ymz/Codes/2025-vision-training/YeMingzhe/hw_4/division_topic/install/setup.sh'
[5.327s] INFO:colcon.colcon_core.shell:Creating prefix script '/home/ymz/Codes/2025-vision-training/YeMingzhe/hw_4/division_topic/install/local_setup.bash'
[5.328s] INFO:colcon.colcon_core.shell:Creating prefix chain script '/home/ymz/Codes/2025-vision-training/YeMingzhe/hw_4/division_topic/install/setup.bash'
[5.329s] INFO:colcon.colcon_core.shell:Creating prefix script '/home/ymz/Codes/2025-vision-training/YeMingzhe/hw_4/division_topic/install/local_setup.zsh'
[5.330s] INFO:colcon.colcon_core.shell:Creating prefix chain script '/home/ymz/Codes/2025-vision-training/YeMingzhe/hw_4/division_topic/install/setup.zsh'
