[0.008s] Invoking command in '/home/parahell/Documents/Robomaster/TestROS2/div/build/division': CMAKE_PREFIX_PATH=/opt/ros/humble /usr/bin/cmake /home/parahell/Documents/Robomaster/TestROS2/div/src/division -DCMAKE_INSTALL_PREFIX=/home/parahell/Documents/Robomaster/TestROS2/div/install/division
[0.018s] -- Found ament_cmake: 1.3.10 (/opt/ros/humble/share/ament_cmake/cmake)
[0.088s] -- Found rclcpp: 16.0.10 (/opt/ros/humble/share/rclcpp/cmake)
[0.103s] -- Found rosidl_generator_c: 3.1.5 (/opt/ros/humble/share/rosidl_generator_c/cmake)
[0.104s] -- Found rosidl_adapter: 3.1.5 (/opt/ros/humble/share/rosidl_adapter/cmake)
[0.107s] -- Found rosidl_generator_cpp: 3.1.5 (/opt/ros/humble/share/rosidl_generator_cpp/cmake)
[0.114s] -- Using all available rosidl_typesupport_c: rosidl_typesupport_fastrtps_c;rosidl_typesupport_introspection_c
[0.122s] -- Using all available rosidl_typesupport_cpp: rosidl_typesupport_fastrtps_cpp;rosidl_typesupport_introspection_cpp
[0.138s] -- Found rmw_implementation_cmake: 6.1.2 (/opt/ros/humble/share/rmw_implementation_cmake/cmake)
[0.139s] -- Found rmw_fastrtps_cpp: 6.2.7 (/opt/ros/humble/share/rmw_fastrtps_cpp/cmake)
[0.211s] -- Using RMW implementation 'rmw_fastrtps_cpp' as default
[0.238s] -- Found rosidl_default_generators: 1.2.0 (/opt/ros/humble/share/rosidl_default_generators/cmake)
[0.349s] [31mCMake Error at /opt/ros/humble/share/rosidl_cmake/cmake/rosidl_generate_interfaces.cmake:229 (message):
[0.349s]   Packages installing interfaces must include
[0.349s]   '<member_of_group>rosidl_interface_packages</member_of_group>' in their
[0.349s]   package.xml
[0.350s] Call Stack (most recent call first):
[0.350s]   CMakeLists.txt:14 (rosidl_generate_interfaces)
[0.350s] 
[0.350s] [0m
[0.350s] -- Configuring incomplete, errors occurred!
[0.350s] See also "/home/parahell/Documents/Robomaster/TestROS2/div/build/division/CMakeFiles/CMakeOutput.log".
[0.356s] Invoked command in '/home/parahell/Documents/Robomaster/TestROS2/div/build/division' returned '1': CMAKE_PREFIX_PATH=/opt/ros/humble /usr/bin/cmake /home/parahell/Documents/Robomaster/TestROS2/div/src/division -DCMAKE_INSTALL_PREFIX=/home/parahell/Documents/Robomaster/TestROS2/div/install/division
