[0.120s] DEBUG:colcon:Command line arguments: ['/usr/bin/colcon', 'build', '--packages-select', 'motion_demo']
[0.120s] DEBUG:colcon:Parsed command line arguments: Namespace(log_base=None, log_level=None, verb_name='build', build_base='build', install_base='install', merge_install=False, symlink_install=False, test_result_base=None, continue_on_error=False, executor='parallel', parallel_workers=4, event_handlers=None, ignore_user_meta=False, metas=['./colcon.meta'], base_paths=['.'], packages_ignore=None, packages_ignore_regex=None, paths=None, packages_up_to=None, packages_up_to_regex=None, packages_above=None, packages_above_and_dependencies=None, packages_above_depth=None, packages_select_by_dep=None, packages_skip_by_dep=None, packages_skip_up_to=None, packages_select_build_failed=False, packages_skip_build_finished=False, packages_select_test_failures=False, packages_skip_test_passed=False, packages_select=['motion_demo'], packages_skip=None, packages_select_regex=None, packages_skip_regex=None, packages_start=None, packages_end=None, allow_overriding=[], cmake_args=None, cmake_target=None, cmake_target_skip_unavailable=False, cmake_clean_cache=False, cmake_clean_first=False, cmake_force_configure=False, ament_cmake_args=None, catkin_cmake_args=None, catkin_skip_building_tests=False, verb_parser=<colcon_defaults.argument_parser.defaults.DefaultArgumentsDecorator object at 0x7ee80be17bb0>, verb_extension=<colcon_core.verb.build.BuildVerb object at 0x7ee80bfbd8d0>, main=<bound method BuildVerb.main of <colcon_core.verb.build.BuildVerb object at 0x7ee80bfbd8d0>>)
[0.309s] Level 1:colcon.colcon_core.package_discovery:discover_packages(colcon_meta) check parameters
[0.310s] Level 1:colcon.colcon_core.package_discovery:discover_packages(recursive) check parameters
[0.310s] Level 1:colcon.colcon_core.package_discovery:discover_packages(ignore) check parameters
[0.310s] Level 1:colcon.colcon_core.package_discovery:discover_packages(path) check parameters
[0.310s] Level 1:colcon.colcon_core.package_discovery:discover_packages(colcon_meta) discover
[0.310s] Level 1:colcon.colcon_core.package_discovery:discover_packages(recursive) discover
[0.310s] INFO:colcon.colcon_core.package_discovery:Crawling recursively for packages in '/home/ymz/Codes/2025-vision-training/YeMingzhe/hw_4/motion_demo'
[0.310s] Level 1:colcon.colcon_core.package_identification:_identify(.) by extensions ['ignore', 'ignore_ament_install']
[0.310s] Level 1:colcon.colcon_core.package_identification:_identify(.) by extension 'ignore'
[0.310s] Level 1:colcon.colcon_core.package_identification:_identify(.) by extension 'ignore_ament_install'
[0.310s] Level 1:colcon.colcon_core.package_identification:_identify(.) by extensions ['colcon_pkg']
[0.310s] Level 1:colcon.colcon_core.package_identification:_identify(.) by extension 'colcon_pkg'
[0.310s] Level 1:colcon.colcon_core.package_identification:_identify(.) by extensions ['colcon_meta']
[0.310s] Level 1:colcon.colcon_core.package_identification:_identify(.) by extension 'colcon_meta'
[0.310s] Level 1:colcon.colcon_core.package_identification:_identify(.) by extensions ['ros']
[0.310s] Level 1:colcon.colcon_core.package_identification:_identify(.) by extension 'ros'
[0.326s] Level 1:colcon.colcon_core.package_identification:_identify(.) by extensions ['cmake', 'python']
[0.326s] Level 1:colcon.colcon_core.package_identification:_identify(.) by extension 'cmake'
[0.326s] Level 1:colcon.colcon_core.package_identification:_identify(.) by extension 'python'
[0.326s] Level 1:colcon.colcon_core.package_identification:_identify(.) by extensions ['python_setup_py']
[0.326s] Level 1:colcon.colcon_core.package_identification:_identify(.) by extension 'python_setup_py'
[0.326s] Level 1:colcon.colcon_core.package_identification:_identify(build) by extensions ['ignore', 'ignore_ament_install']
[0.326s] Level 1:colcon.colcon_core.package_identification:_identify(build) by extension 'ignore'
[0.326s] Level 1:colcon.colcon_core.package_identification:_identify(build) ignored
[0.326s] Level 1:colcon.colcon_core.package_identification:_identify(install) by extensions ['ignore', 'ignore_ament_install']
[0.327s] Level 1:colcon.colcon_core.package_identification:_identify(install) by extension 'ignore'
[0.327s] Level 1:colcon.colcon_core.package_identification:_identify(install) ignored
[0.327s] Level 1:colcon.colcon_core.package_identification:_identify(log) by extensions ['ignore', 'ignore_ament_install']
[0.327s] Level 1:colcon.colcon_core.package_identification:_identify(log) by extension 'ignore'
[0.327s] Level 1:colcon.colcon_core.package_identification:_identify(log) ignored
[0.327s] Level 1:colcon.colcon_core.package_identification:_identify(src) by extensions ['ignore', 'ignore_ament_install']
[0.327s] Level 1:colcon.colcon_core.package_identification:_identify(src) by extension 'ignore'
[0.327s] Level 1:colcon.colcon_core.package_identification:_identify(src) by extension 'ignore_ament_install'
[0.327s] Level 1:colcon.colcon_core.package_identification:_identify(src) by extensions ['colcon_pkg']
[0.327s] Level 1:colcon.colcon_core.package_identification:_identify(src) by extension 'colcon_pkg'
[0.327s] Level 1:colcon.colcon_core.package_identification:_identify(src) by extensions ['colcon_meta']
[0.327s] Level 1:colcon.colcon_core.package_identification:_identify(src) by extension 'colcon_meta'
[0.327s] Level 1:colcon.colcon_core.package_identification:_identify(src) by extensions ['ros']
[0.327s] Level 1:colcon.colcon_core.package_identification:_identify(src) by extension 'ros'
[0.328s] Level 1:colcon.colcon_core.package_identification:_identify(src) by extensions ['cmake', 'python']
[0.328s] Level 1:colcon.colcon_core.package_identification:_identify(src) by extension 'cmake'
[0.328s] Level 1:colcon.colcon_core.package_identification:_identify(src) by extension 'python'
[0.328s] Level 1:colcon.colcon_core.package_identification:_identify(src) by extensions ['python_setup_py']
[0.328s] Level 1:colcon.colcon_core.package_identification:_identify(src) by extension 'python_setup_py'
[0.328s] Level 1:colcon.colcon_core.package_identification:_identify(src/motion_demo) by extensions ['ignore', 'ignore_ament_install']
[0.328s] Level 1:colcon.colcon_core.package_identification:_identify(src/motion_demo) by extension 'ignore'
[0.328s] Level 1:colcon.colcon_core.package_identification:_identify(src/motion_demo) by extension 'ignore_ament_install'
[0.328s] Level 1:colcon.colcon_core.package_identification:_identify(src/motion_demo) by extensions ['colcon_pkg']
[0.328s] Level 1:colcon.colcon_core.package_identification:_identify(src/motion_demo) by extension 'colcon_pkg'
[0.328s] Level 1:colcon.colcon_core.package_identification:_identify(src/motion_demo) by extensions ['colcon_meta']
[0.328s] Level 1:colcon.colcon_core.package_identification:_identify(src/motion_demo) by extension 'colcon_meta'
[0.328s] Level 1:colcon.colcon_core.package_identification:_identify(src/motion_demo) by extensions ['ros']
[0.328s] Level 1:colcon.colcon_core.package_identification:_identify(src/motion_demo) by extension 'ros'
[0.330s] DEBUG:colcon.colcon_core.package_identification:Package 'src/motion_demo' with type 'ros.ament_cmake' and name 'motion_demo'
[0.331s] Level 1:colcon.colcon_core.package_discovery:discover_packages(recursive) using defaults
[0.331s] Level 1:colcon.colcon_core.package_discovery:discover_packages(ignore) discover
[0.331s] Level 1:colcon.colcon_core.package_discovery:discover_packages(ignore) using defaults
[0.331s] Level 1:colcon.colcon_core.package_discovery:discover_packages(path) discover
[0.331s] Level 1:colcon.colcon_core.package_discovery:discover_packages(path) using defaults
[0.353s] Level 1:colcon.colcon_core.package_discovery:discover_packages(prefix_path) check parameters
[0.353s] Level 1:colcon.colcon_core.package_discovery:discover_packages(prefix_path) discover
[0.358s] DEBUG:colcon.colcon_installed_package_information.package_discovery:Found 2 installed packages in /home/ymz/Codes/2025-vision-training/YeMingzhe/hw_4/division_topic/install
[0.361s] DEBUG:colcon.colcon_installed_package_information.package_discovery:Found 270 installed packages in /opt/ros/humble
[0.362s] Level 1:colcon.colcon_core.package_discovery:discover_packages(prefix_path) using defaults
[0.416s] Level 5:colcon.colcon_core.verb:set package 'motion_demo' build argument 'cmake_args' from command line to 'None'
[0.416s] Level 5:colcon.colcon_core.verb:set package 'motion_demo' build argument 'cmake_target' from command line to 'None'
[0.416s] Level 5:colcon.colcon_core.verb:set package 'motion_demo' build argument 'cmake_target_skip_unavailable' from command line to 'False'
[0.416s] Level 5:colcon.colcon_core.verb:set package 'motion_demo' build argument 'cmake_clean_cache' from command line to 'False'
[0.416s] Level 5:colcon.colcon_core.verb:set package 'motion_demo' build argument 'cmake_clean_first' from command line to 'False'
[0.416s] Level 5:colcon.colcon_core.verb:set package 'motion_demo' build argument 'cmake_force_configure' from command line to 'False'
[0.416s] Level 5:colcon.colcon_core.verb:set package 'motion_demo' build argument 'ament_cmake_args' from command line to 'None'
[0.416s] Level 5:colcon.colcon_core.verb:set package 'motion_demo' build argument 'catkin_cmake_args' from command line to 'None'
[0.416s] Level 5:colcon.colcon_core.verb:set package 'motion_demo' build argument 'catkin_skip_building_tests' from command line to 'False'
[0.416s] DEBUG:colcon.colcon_core.verb:Building package 'motion_demo' with the following arguments: {'ament_cmake_args': None, 'build_base': '/home/ymz/Codes/2025-vision-training/YeMingzhe/hw_4/motion_demo/build/motion_demo', 'catkin_cmake_args': None, 'catkin_skip_building_tests': False, 'cmake_args': None, 'cmake_clean_cache': False, 'cmake_clean_first': False, 'cmake_force_configure': False, 'cmake_target': None, 'cmake_target_skip_unavailable': False, 'install_base': '/home/ymz/Codes/2025-vision-training/YeMingzhe/hw_4/motion_demo/install/motion_demo', 'merge_install': False, 'path': '/home/ymz/Codes/2025-vision-training/YeMingzhe/hw_4/motion_demo/src/motion_demo', 'symlink_install': False, 'test_result_base': None}
[0.416s] INFO:colcon.colcon_core.executor:Executing jobs using 'parallel' executor
[0.417s] DEBUG:colcon.colcon_parallel_executor.executor.parallel:run_until_complete
[0.417s] INFO:colcon.colcon_ros.task.ament_cmake.build:Building ROS package in '/home/ymz/Codes/2025-vision-training/YeMingzhe/hw_4/motion_demo/src/motion_demo' with build type 'ament_cmake'
[0.418s] INFO:colcon.colcon_cmake.task.cmake.build:Building CMake package in '/home/ymz/Codes/2025-vision-training/YeMingzhe/hw_4/motion_demo/src/motion_demo'
[0.421s] INFO:colcon.colcon_core.plugin_system:Skipping extension 'colcon_core.shell.bat': Not used on non-Windows systems
[0.422s] INFO:colcon.colcon_core.shell:Skip shell extension 'powershell' for command environment: Not usable outside of PowerShell
[0.422s] DEBUG:colcon.colcon_core.shell:Skip shell extension 'dsv' for command environment
[0.438s] DEBUG:colcon.colcon_core.event_handler.log_command:Invoking command in '/home/ymz/Codes/2025-vision-training/YeMingzhe/hw_4/motion_demo/build/motion_demo': CMAKE_PREFIX_PATH=${CMAKE_PREFIX_PATH}:/opt/ros/humble /usr/bin/cmake --build /home/ymz/Codes/2025-vision-training/YeMingzhe/hw_4/motion_demo/build/motion_demo -- -j4 -l4
[5.249s] DEBUG:colcon.colcon_core.event_handler.log_command:Invoked command in '/home/ymz/Codes/2025-vision-training/YeMingzhe/hw_4/motion_demo/build/motion_demo' returned '0': CMAKE_PREFIX_PATH=${CMAKE_PREFIX_PATH}:/opt/ros/humble /usr/bin/cmake --build /home/ymz/Codes/2025-vision-training/YeMingzhe/hw_4/motion_demo/build/motion_demo -- -j4 -l4
[5.357s] DEBUG:colcon.colcon_core.event_handler.log_command:Invoking command in '/home/ymz/Codes/2025-vision-training/YeMingzhe/hw_4/motion_demo/build/motion_demo': CMAKE_PREFIX_PATH=${CMAKE_PREFIX_PATH}:/opt/ros/humble /usr/bin/cmake --install /home/ymz/Codes/2025-vision-training/YeMingzhe/hw_4/motion_demo/build/motion_demo
[5.391s] Level 1:colcon.colcon_core.environment:create_environment_scripts_only(motion_demo)
[5.391s] DEBUG:colcon.colcon_core.event_handler.log_command:Invoked command in '/home/ymz/Codes/2025-vision-training/YeMingzhe/hw_4/motion_demo/build/motion_demo' returned '0': CMAKE_PREFIX_PATH=${CMAKE_PREFIX_PATH}:/opt/ros/humble /usr/bin/cmake --install /home/ymz/Codes/2025-vision-training/YeMingzhe/hw_4/motion_demo/build/motion_demo
[5.394s] Level 1:colcon.colcon_core.environment:checking '/home/ymz/Codes/2025-vision-training/YeMingzhe/hw_4/motion_demo/install/motion_demo' for CMake module files
[5.395s] Level 1:colcon.colcon_core.environment:checking '/home/ymz/Codes/2025-vision-training/YeMingzhe/hw_4/motion_demo/install/motion_demo' for CMake config files
[5.396s] Level 1:colcon.colcon_core.shell:create_environment_hook('motion_demo', 'cmake_prefix_path')
[5.396s] INFO:colcon.colcon_core.shell:Creating environment hook '/home/ymz/Codes/2025-vision-training/YeMingzhe/hw_4/motion_demo/install/motion_demo/share/motion_demo/hook/cmake_prefix_path.ps1'
[5.397s] INFO:colcon.colcon_core.shell:Creating environment descriptor '/home/ymz/Codes/2025-vision-training/YeMingzhe/hw_4/motion_demo/install/motion_demo/share/motion_demo/hook/cmake_prefix_path.dsv'
[5.398s] INFO:colcon.colcon_core.shell:Creating environment hook '/home/ymz/Codes/2025-vision-training/YeMingzhe/hw_4/motion_demo/install/motion_demo/share/motion_demo/hook/cmake_prefix_path.sh'
[5.399s] Level 1:colcon.colcon_core.environment:checking '/home/ymz/Codes/2025-vision-training/YeMingzhe/hw_4/motion_demo/install/motion_demo/lib'
[5.400s] Level 1:colcon.colcon_core.environment:checking '/home/ymz/Codes/2025-vision-training/YeMingzhe/hw_4/motion_demo/install/motion_demo/bin'
[5.400s] Level 1:colcon.colcon_core.environment:checking '/home/ymz/Codes/2025-vision-training/YeMingzhe/hw_4/motion_demo/install/motion_demo/lib/pkgconfig/motion_demo.pc'
[5.400s] Level 1:colcon.colcon_core.environment:checking '/home/ymz/Codes/2025-vision-training/YeMingzhe/hw_4/motion_demo/install/motion_demo/lib/python3.10/site-packages'
[5.400s] Level 1:colcon.colcon_core.environment:checking '/home/ymz/Codes/2025-vision-training/YeMingzhe/hw_4/motion_demo/install/motion_demo/bin'
[5.400s] INFO:colcon.colcon_core.shell:Creating package script '/home/ymz/Codes/2025-vision-training/YeMingzhe/hw_4/motion_demo/install/motion_demo/share/motion_demo/package.ps1'
[5.405s] INFO:colcon.colcon_core.shell:Creating package descriptor '/home/ymz/Codes/2025-vision-training/YeMingzhe/hw_4/motion_demo/install/motion_demo/share/motion_demo/package.dsv'
[5.405s] INFO:colcon.colcon_core.shell:Creating package script '/home/ymz/Codes/2025-vision-training/YeMingzhe/hw_4/motion_demo/install/motion_demo/share/motion_demo/package.sh'
[5.406s] INFO:colcon.colcon_core.shell:Creating package script '/home/ymz/Codes/2025-vision-training/YeMingzhe/hw_4/motion_demo/install/motion_demo/share/motion_demo/package.bash'
[5.407s] INFO:colcon.colcon_core.shell:Creating package script '/home/ymz/Codes/2025-vision-training/YeMingzhe/hw_4/motion_demo/install/motion_demo/share/motion_demo/package.zsh'
[5.407s] Level 1:colcon.colcon_core.environment:create_file_with_runtime_dependencies(/home/ymz/Codes/2025-vision-training/YeMingzhe/hw_4/motion_demo/install/motion_demo/share/colcon-core/packages/motion_demo)
[5.490s] Level 1:colcon.colcon_core.environment:create_environment_scripts_only(motion_demo)
[5.491s] Level 1:colcon.colcon_core.environment:checking '/home/ymz/Codes/2025-vision-training/YeMingzhe/hw_4/motion_demo/install/motion_demo' for CMake module files
[5.491s] Level 1:colcon.colcon_core.environment:checking '/home/ymz/Codes/2025-vision-training/YeMingzhe/hw_4/motion_demo/install/motion_demo' for CMake config files
[5.492s] Level 1:colcon.colcon_core.shell:create_environment_hook('motion_demo', 'cmake_prefix_path')
[5.492s] INFO:colcon.colcon_core.shell:Creating environment hook '/home/ymz/Codes/2025-vision-training/YeMingzhe/hw_4/motion_demo/install/motion_demo/share/motion_demo/hook/cmake_prefix_path.ps1'
[5.493s] INFO:colcon.colcon_core.shell:Creating environment descriptor '/home/ymz/Codes/2025-vision-training/YeMingzhe/hw_4/motion_demo/install/motion_demo/share/motion_demo/hook/cmake_prefix_path.dsv'
[5.493s] INFO:colcon.colcon_core.shell:Creating environment hook '/home/ymz/Codes/2025-vision-training/YeMingzhe/hw_4/motion_demo/install/motion_demo/share/motion_demo/hook/cmake_prefix_path.sh'
[5.494s] Level 1:colcon.colcon_core.environment:checking '/home/ymz/Codes/2025-vision-training/YeMingzhe/hw_4/motion_demo/install/motion_demo/lib'
[5.494s] Level 1:colcon.colcon_core.environment:checking '/home/ymz/Codes/2025-vision-training/YeMingzhe/hw_4/motion_demo/install/motion_demo/bin'
[5.494s] Level 1:colcon.colcon_core.environment:checking '/home/ymz/Codes/2025-vision-training/YeMingzhe/hw_4/motion_demo/install/motion_demo/lib/pkgconfig/motion_demo.pc'
[5.495s] Level 1:colcon.colcon_core.environment:checking '/home/ymz/Codes/2025-vision-training/YeMingzhe/hw_4/motion_demo/install/motion_demo/lib/python3.10/site-packages'
[5.495s] Level 1:colcon.colcon_core.environment:checking '/home/ymz/Codes/2025-vision-training/YeMingzhe/hw_4/motion_demo/install/motion_demo/bin'
[5.495s] INFO:colcon.colcon_core.shell:Creating package script '/home/ymz/Codes/2025-vision-training/YeMingzhe/hw_4/motion_demo/install/motion_demo/share/motion_demo/package.ps1'
[5.496s] INFO:colcon.colcon_core.shell:Creating package descriptor '/home/ymz/Codes/2025-vision-training/YeMingzhe/hw_4/motion_demo/install/motion_demo/share/motion_demo/package.dsv'
[5.496s] INFO:colcon.colcon_core.shell:Creating package script '/home/ymz/Codes/2025-vision-training/YeMingzhe/hw_4/motion_demo/install/motion_demo/share/motion_demo/package.sh'
[5.497s] INFO:colcon.colcon_core.shell:Creating package script '/home/ymz/Codes/2025-vision-training/YeMingzhe/hw_4/motion_demo/install/motion_demo/share/motion_demo/package.bash'
[5.497s] INFO:colcon.colcon_core.shell:Creating package script '/home/ymz/Codes/2025-vision-training/YeMingzhe/hw_4/motion_demo/install/motion_demo/share/motion_demo/package.zsh'
[5.497s] Level 1:colcon.colcon_core.environment:create_file_with_runtime_dependencies(/home/ymz/Codes/2025-vision-training/YeMingzhe/hw_4/motion_demo/install/motion_demo/share/colcon-core/packages/motion_demo)
[5.498s] DEBUG:colcon.colcon_parallel_executor.executor.parallel:closing loop
[5.499s] DEBUG:colcon.colcon_parallel_executor.executor.parallel:loop closed
[5.499s] DEBUG:colcon.colcon_parallel_executor.executor.parallel:run_until_complete finished with '0'
[5.499s] DEBUG:colcon.colcon_core.event_reactor:joining thread
[5.505s] INFO:colcon.colcon_core.plugin_system:Skipping extension 'colcon_notification.desktop_notification.terminal_notifier': Not used on non-Darwin systems
[5.505s] INFO:colcon.colcon_core.plugin_system:Skipping extension 'colcon_notification.desktop_notification.win32': Not used on non-Windows systems
[5.505s] INFO:colcon.colcon_notification.desktop_notification:Sending desktop notification using 'notify2'
[5.527s] DEBUG:colcon.colcon_core.event_reactor:joined thread
[5.527s] INFO:colcon.colcon_core.shell:Creating prefix script '/home/ymz/Codes/2025-vision-training/YeMingzhe/hw_4/motion_demo/install/local_setup.ps1'
[5.528s] INFO:colcon.colcon_core.shell:Creating prefix util module '/home/ymz/Codes/2025-vision-training/YeMingzhe/hw_4/motion_demo/install/_local_setup_util_ps1.py'
[5.529s] INFO:colcon.colcon_core.shell:Creating prefix chain script '/home/ymz/Codes/2025-vision-training/YeMingzhe/hw_4/motion_demo/install/setup.ps1'
[5.531s] INFO:colcon.colcon_core.shell:Creating prefix script '/home/ymz/Codes/2025-vision-training/YeMingzhe/hw_4/motion_demo/install/local_setup.sh'
[5.531s] INFO:colcon.colcon_core.shell:Creating prefix util module '/home/ymz/Codes/2025-vision-training/YeMingzhe/hw_4/motion_demo/install/_local_setup_util_sh.py'
[5.532s] INFO:colcon.colcon_core.shell:Creating prefix chain script '/home/ymz/Codes/2025-vision-training/YeMingzhe/hw_4/motion_demo/install/setup.sh'
[5.533s] INFO:colcon.colcon_core.shell:Creating prefix script '/home/ymz/Codes/2025-vision-training/YeMingzhe/hw_4/motion_demo/install/local_setup.bash'
[5.534s] INFO:colcon.colcon_core.shell:Creating prefix chain script '/home/ymz/Codes/2025-vision-training/YeMingzhe/hw_4/motion_demo/install/setup.bash'
[5.535s] INFO:colcon.colcon_core.shell:Creating prefix script '/home/ymz/Codes/2025-vision-training/YeMingzhe/hw_4/motion_demo/install/local_setup.zsh'
[5.535s] INFO:colcon.colcon_core.shell:Creating prefix chain script '/home/ymz/Codes/2025-vision-training/YeMingzhe/hw_4/motion_demo/install/setup.zsh'
