[0.008s] Invoking command in '/home/parahell/Documents/Robomaster/TestROS2/div/build/division': /usr/bin/cmake /home/parahell/Documents/Robomaster/TestROS2/div/src/division -DCMAKE_INSTALL_PREFIX=/home/parahell/Documents/Robomaster/TestROS2/div/install/division
[0.017s] -- Found ament_cmake: 1.3.10 (/opt/ros/humble/share/ament_cmake/cmake)
[0.091s] -- Found rclcpp: 16.0.10 (/opt/ros/humble/share/rclcpp/cmake)
[0.108s] -- Found rosidl_generator_c: 3.1.5 (/opt/ros/humble/share/rosidl_generator_c/cmake)
[0.109s] -- Found rosidl_adapter: 3.1.5 (/opt/ros/humble/share/rosidl_adapter/cmake)
[0.112s] -- Found rosidl_generator_cpp: 3.1.5 (/opt/ros/humble/share/rosidl_generator_cpp/cmake)
[0.117s] -- Using all available rosidl_typesupport_c: rosidl_typesupport_fastrtps_c;rosidl_typesupport_introspection_c
[0.124s] -- Using all available rosidl_typesupport_cpp: rosidl_typesupport_fastrtps_cpp;rosidl_typesupport_introspection_cpp
[0.142s] -- Found rmw_implementation_cmake: 6.1.2 (/opt/ros/humble/share/rmw_implementation_cmake/cmake)
[0.142s] -- Found rmw_fastrtps_cpp: 6.2.7 (/opt/ros/humble/share/rmw_fastrtps_cpp/cmake)
[0.206s] -- Using RMW implementation 'rmw_fastrtps_cpp' as default
[0.233s] -- Found rosidl_default_generators: 1.2.0 (/opt/ros/humble/share/rosidl_default_generators/cmake)
[0.338s] Error parsing '/home/parahell/Documents/Robomaster/TestROS2/div/src/division/package.xml':
[0.362s] Traceback (most recent call last):
[0.362s]   File "/opt/ros/humble/share/ament_cmake_core/cmake/core/package_xml_2_cmake.py", line 150, in <module>
[0.362s]     main()
[0.363s]   File "/opt/ros/humble/share/ament_cmake_core/cmake/core/package_xml_2_cmake.py", line 53, in main
[0.363s]     raise e
[0.363s]   File "/opt/ros/humble/share/ament_cmake_core/cmake/core/package_xml_2_cmake.py", line 49, in main
[0.363s]     package = parse_package_string(
[0.363s]   File "/usr/lib/python3/dist-packages/catkin_pkg/package.py", line 786, in parse_package_string
[0.363s]     raise InvalidPackage('Error(s):%s' % (''.join(['\n- %s' % e for e in errors])), filename)
[0.363s] catkin_pkg.package.InvalidPackage: Error(s) in package '/home/parahell/Documents/Robomaster/TestROS2/div/src/division/package.xml':
[0.363s] Error(s):
[0.363s] - The generic dependency on 'rosidl_default_generators' is redundant with: build_depend
[0.372s] [31mCMake Error at /opt/ros/humble/share/ament_cmake_core/cmake/core/ament_package_xml.cmake:95 (message):
[0.372s]   execute_process(/usr/bin/python3
[0.372s]   /opt/ros/humble/share/ament_cmake_core/cmake/core/package_xml_2_cmake.py
[0.372s]   /home/parahell/Documents/Robomaster/TestROS2/div/src/division/package.xml
[0.373s]   /home/parahell/Documents/Robomaster/TestROS2/div/build/division/ament_cmake_core/package.cmake)
[0.373s]   returned error code 1
[0.373s] Call Stack (most recent call first):
[0.373s]   /opt/ros/humble/share/ament_cmake_core/cmake/core/ament_package_xml.cmake:49 (_ament_package_xml)
[0.373s]   /opt/ros/humble/share/rosidl_cmake/cmake/rosidl_generate_interfaces.cmake:226 (ament_package_xml)
[0.373s]   CMakeLists.txt:14 (rosidl_generate_interfaces)
[0.373s] 
[0.373s] [0m
[0.373s] -- Configuring incomplete, errors occurred!
[0.373s] See also "/home/parahell/Documents/Robomaster/TestROS2/div/build/division/CMakeFiles/CMakeOutput.log".
[0.379s] Invoked command in '/home/parahell/Documents/Robomaster/TestROS2/div/build/division' returned '1': /usr/bin/cmake /home/parahell/Documents/Robomaster/TestROS2/div/src/division -DCMAKE_INSTALL_PREFIX=/home/parahell/Documents/Robomaster/TestROS2/div/install/division
